[suite.social/app/manage/index.html]
[backblue.gif]
[fade.gif]
[index.html]
[suite.social/images/meta.jpg]
[bookin.nativecode.in/index.html]
[suite.social/meta.2.delayed]
[suite.social/images/favicon/icon-16.png]
[suite.social/images/favicon/icon-32.png]
[suite.social/images/favicon/icon-48.png]
[suite.social/images/favicon/icon-96.png]
[suite.social/images/favicon/icon-144.png]
[suite.social/images/favicon/icon-192.png]
[suite.social/images/favicon/icon-256.png]
[suite.social/images/favicon/icon-384.png]
[suite.social/images/favicon/icon-512.png]
[suite.social/images/favicon/apple-touch-icon-57.png]
[suite.social/images/favicon/apple-touch-icon-60.png]
[suite.social/images/favicon/apple-touch-icon-72.png]
[suite.social/images/favicon/apple-touch-icon-76.png]
[suite.social/images/favicon/apple-touch-icon-114.png]
[suite.social/images/favicon/apple-touch-icon-120.png]
[suite.social/images/favicon/apple-touch-icon-152.png]
[suite.social/images/favicon/apple-touch-icon-167.png]
[suite.social/images/favicon/apple-touch-icon-180.png]
[suite.social/images/favicon/ms-tile-144.png]
[suite.social/join/src/plugins/dist/css/adminlte.min.css]
[suite.social/app/manage/src/css/fontawesome/css/all.min.17.delayed]
[suite.social/app/manage/index.html]
[code.jquery.com/jquery-1.11.0.min.js]
[bookin.nativecode.in/images/web/logo/favicon.png]
[bookin.nativecode.in/assets/css/tailwind.min.css]
[bookin.nativecode.in/assets/css/styles.css]
[bookin.nativecode.in/assets/css/swiper-bundle.min.css]
[www.google.com/recaptcha/api.js]
[bookin.nativecode.in/images/web/logo/logo.png]
[bookin.nativecode.in/features.html]
[bookin.nativecode.in/contact.html]
[bookin.nativecode.in/about.html]
[bookin.nativecode.in/registerf761.html]
[bookin.nativecode.in/index589c.html]
[bookin.nativecode.in/index0f2e.html]
[bookin.nativecode.in/index927e.html]
[bookin.nativecode.in/login.html]
[bookin.nativecode.in/indexbe5d.html]
[bookin.nativecode.in/indexed40.html]
[bookin.nativecode.in/index6df2.html]
[bookin.nativecode.in/index6065.html]
[bookin.nativecode.in/home-assets/images/headers/people.avif]
[bookin.nativecode.in/indexcd05.html]
[bookin.nativecode.in/index053b.html]
[bookin.nativecode.in/index94f3.html]
[bookin.nativecode.in/index8890.html]
[bookin.nativecode.in/home-assets/images/headers/video.avif]
[bookin.nativecode.in/index82b1.html]
[bookin.nativecode.in/indexdf8f.html]
[bookin.nativecode.in/indexe0ef.html]
[bookin.nativecode.in/index5bca.html]
[bookin.nativecode.in/home-assets/images/headers/people2.avif]
[bookin.nativecode.in/index694d.html]
[bookin.nativecode.in/indexa43c.html]
[bookin.nativecode.in/index80ee.html]
[bookin.nativecode.in/index4a6f.html]
[bookin.nativecode.in/home-assets/images/headers/people3.avif]
[bookin.nativecode.in/indexf851.html]
[bookin.nativecode.in/index52e3.html]
[bookin.nativecode.in/index4da7.html]
[bookin.nativecode.in/indexf6f3.html]
[bookin.nativecode.in/index4091.html]
[bookin.nativecode.in/index1ef1.html]
[bookin.nativecode.in/indexd444.html]
[bookin.nativecode.in/index099e.html]
[bookin.nativecode.in/images/admin/business_categories/saloon_67502707bbaa3.png]
[bookin.nativecode.in/businesses/saloon.html]
[bookin.nativecode.in/images/admin/business_categories/spa_675027a20da49.png]
[bookin.nativecode.in/businesses/spa.html]
[bookin.nativecode.in/images/admin/business_categories/gym_675027e327b6d.png]
[bookin.nativecode.in/businesses/gym.html]
[bookin.nativecode.in/images/admin/business_categories/sasnetmedia-logo_676eb44acf89f.jpg]
[bookin.nativecode.in/businesses/mechanic.html]
[bookin.nativecode.in/images/admin/business_categories/rm_676eb8a7d6c55.jpg]
[bookin.nativecode.in/businesses/software.html]
[bookin.nativecode.in/images/admin/business_categories/Editor (3)_67767dcb51b92.png]
[bookin.nativecode.in/businesses/d-e-n-t-i-s-t.html]
[bookin.nativecode.in/home-assets/images/how-it-works/line4.svg]
[bookin.nativecode.in/home-assets/images/how-it-works/gradient.svg]
[bookin.nativecode.in/home-assets/images/headers/gradient4.svg]
[bookin.nativecode.in/cdn-cgi/l/email-protection.html]
[bookin.nativecode.in/home-assets/images/footers/gradient4.svg]
[bookin.nativecode.in/blogs.html]
[bookin.nativecode.in/privacy-policy.html]
[bookin.nativecode.in/refund-policy.html]
[bookin.nativecode.in/terms-and-conditions.html]
[bookin.nativecode.in/cdn-cgi/scripts/5c5dd728/cloudflare-static/email-decode.min.js]
[bookin.nativecode.in/assets/js/jquery.min.js]
[bookin.nativecode.in/assets/js/alpinejs.min.js]
[bookin.nativecode.in/assets/js/main.js]
[bookin.nativecode.in/assets/js/smooth-scroll.js]
[bookin.nativecode.in/assets/js/flowbite.min.js]
[bookin.nativecode.in/assets/js/swiper-bundle.min.js]
[bookin.nativecode.in/index.html]
[suite.social/meta.html]
[suite.social/join/src/plugins/dist/css/adminlte.min.css]
[suite.social/app/manage/src/css/fontawesome/css/all.min.html]
[bookin.nativecode.in/assets/css/tailwind.min.css]
[bookin.nativecode.in/assets/css/styles.css]
[bookin.nativecode.in/assets/css/swiper-bundle.min.css]
[bookin.nativecode.in/cdn-cgi/scripts/7d0fa10a/cloudflare-static/rocket-loader.min.js]
[bookin.nativecode.in/features589c.html]
[bookin.nativecode.in/features6df2.html]
[bookin.nativecode.in/features0f2e.html]
[bookin.nativecode.in/features927e.html]
[bookin.nativecode.in/featuresbe5d.html]
[bookin.nativecode.in/featuresed40.html]
[bookin.nativecode.in/features6065.html]
[bookin.nativecode.in/features053b.html]
[bookin.nativecode.in/featurescd05.html]
[bookin.nativecode.in/features94f3.html]
[bookin.nativecode.in/features8890.html]
[bookin.nativecode.in/features82b1.html]
[bookin.nativecode.in/featuresdf8f.html]
[bookin.nativecode.in/featurese0ef.html]
[bookin.nativecode.in/features5bca.html]
[bookin.nativecode.in/features694d.html]
[bookin.nativecode.in/featuresa43c.html]
[bookin.nativecode.in/features80ee.html]
[bookin.nativecode.in/features4a6f.html]
[bookin.nativecode.in/features52e3.html]
[bookin.nativecode.in/featuresf851.html]
[bookin.nativecode.in/features4da7.html]
[bookin.nativecode.in/featuresf6f3.html]
[bookin.nativecode.in/features4091.html]
[bookin.nativecode.in/features1ef1.html]
[bookin.nativecode.in/featuresd444.html]
[bookin.nativecode.in/features.html]
[bookin.nativecode.in/features099e.html]
[bookin.nativecode.in/contact589c.html]
[bookin.nativecode.in/contact6df2.html]
[bookin.nativecode.in/contact0f2e.html]
[bookin.nativecode.in/contact927e.html]
[bookin.nativecode.in/contactbe5d.html]
[bookin.nativecode.in/contacted40.html]
[bookin.nativecode.in/contact6065.html]
[bookin.nativecode.in/contact053b.html]
[bookin.nativecode.in/contactcd05.html]
[bookin.nativecode.in/contact94f3.html]
[bookin.nativecode.in/contact8890.html]
[bookin.nativecode.in/contact82b1.html]
[bookin.nativecode.in/contactdf8f.html]
[bookin.nativecode.in/contacte0ef.html]
[bookin.nativecode.in/contact5bca.html]
[bookin.nativecode.in/contact694d.html]
[bookin.nativecode.in/contacta43c.html]
[bookin.nativecode.in/contact80ee.html]
[bookin.nativecode.in/contact4a6f.html]
[bookin.nativecode.in/contact52e3.html]
[bookin.nativecode.in/contactf851.html]
[bookin.nativecode.in/contact4da7.html]
[bookin.nativecode.in/contactf6f3.html]
[bookin.nativecode.in/contact4091.html]
[bookin.nativecode.in/contact1ef1.html]
[bookin.nativecode.in/contactd444.html]
[bookin.nativecode.in/contact099e.html]
[bookin.nativecode.in/home-assets/images/contact/gradient4.svg]
[bookin.nativecode.in/home-assets/images/contact/contact.jpg]
[bookin.nativecode.in/contact.html]
[bookin.nativecode.in/about589c.html]
[bookin.nativecode.in/about6df2.html]
[bookin.nativecode.in/about0f2e.html]
[bookin.nativecode.in/about927e.html]
[bookin.nativecode.in/aboutbe5d.html]
[bookin.nativecode.in/abouted40.html]
[bookin.nativecode.in/about6065.html]
[bookin.nativecode.in/about053b.html]
[bookin.nativecode.in/aboutcd05.html]
[bookin.nativecode.in/about94f3.html]
[bookin.nativecode.in/about8890.html]
[bookin.nativecode.in/about82b1.html]
[bookin.nativecode.in/aboutdf8f.html]
[bookin.nativecode.in/aboute0ef.html]
[bookin.nativecode.in/about5bca.html]
[bookin.nativecode.in/about694d.html]
[bookin.nativecode.in/abouta43c.html]
[bookin.nativecode.in/about80ee.html]
[bookin.nativecode.in/about4a6f.html]
[bookin.nativecode.in/about52e3.html]
[bookin.nativecode.in/aboutf851.html]
[bookin.nativecode.in/about4da7.html]
[bookin.nativecode.in/aboutf6f3.html]
[bookin.nativecode.in/about4091.html]
[bookin.nativecode.in/about1ef1.html]
[bookin.nativecode.in/aboutd444.html]
[bookin.nativecode.in/about099e.html]
[bookin.nativecode.in/home-assets/images/contact/man.jpg]
[bookin.nativecode.in/about.html]
[bookin.nativecode.in/index589c.html]
[bookin.nativecode.in/index6df2.html]
[bookin.nativecode.in/index0f2e.html]
[bookin.nativecode.in/index927e.html]
[bookin.nativecode.in/indexbe5d.html]
[bookin.nativecode.in/indexed40.html]
[bookin.nativecode.in/index6065.html]
[bookin.nativecode.in/index053b.html]
[bookin.nativecode.in/indexcd05.html]
[bookin.nativecode.in/index94f3.html]
[bookin.nativecode.in/index8890.html]
[bookin.nativecode.in/index82b1.html]
[bookin.nativecode.in/indexdf8f.html]
[bookin.nativecode.in/indexe0ef.html]
[bookin.nativecode.in/index5bca.html]
[bookin.nativecode.in/index694d.html]
[bookin.nativecode.in/indexa43c.html]
[bookin.nativecode.in/index80ee.html]
[bookin.nativecode.in/index4a6f.html]
[bookin.nativecode.in/index52e3.html]
[bookin.nativecode.in/indexf851.html]
[bookin.nativecode.in/index4da7.html]
[bookin.nativecode.in/indexf6f3.html]
[bookin.nativecode.in/index4091.html]
[bookin.nativecode.in/index1ef1.html]
[bookin.nativecode.in/indexd444.html]
[bookin.nativecode.in/index099e.html]
[bookin.nativecode.in/register589c.html]
[bookin.nativecode.in/register6df2.html]
[bookin.nativecode.in/register0f2e.html]
[bookin.nativecode.in/register927e.html]
[bookin.nativecode.in/registerbe5d.html]
[bookin.nativecode.in/registered40.html]
[bookin.nativecode.in/register6065.html]
[bookin.nativecode.in/register053b.html]
[bookin.nativecode.in/registercd05.html]
[bookin.nativecode.in/register94f3.html]
[bookin.nativecode.in/register8890.html]
[bookin.nativecode.in/register82b1.html]
[bookin.nativecode.in/registerdf8f.html]
[bookin.nativecode.in/registere0ef.html]
[bookin.nativecode.in/register5bca.html]
[bookin.nativecode.in/register694d.html]
[bookin.nativecode.in/registera43c.html]
[bookin.nativecode.in/register80ee.html]
[bookin.nativecode.in/register4a6f.html]
[bookin.nativecode.in/register52e3.html]
[bookin.nativecode.in/registerf851.html]
[bookin.nativecode.in/register4da7.html]
[bookin.nativecode.in/registerf6f3.html]
[bookin.nativecode.in/register4091.html]
[bookin.nativecode.in/register1ef1.html]
[bookin.nativecode.in/registerd444.html]
[bookin.nativecode.in/register099e.html]
[bookin.nativecode.in/flaro-assets/images/sign-in/gradient.svg]
[bookin.nativecode.in/registerf761.html]
[bookin.nativecode.in/login589c.html]
[bookin.nativecode.in/login6df2.html]
[bookin.nativecode.in/login0f2e.html]
[bookin.nativecode.in/login927e.html]
[bookin.nativecode.in/loginbe5d.html]
[bookin.nativecode.in/logined40.html]
[bookin.nativecode.in/login6065.html]
[bookin.nativecode.in/login053b.html]
[bookin.nativecode.in/logincd05.html]
[bookin.nativecode.in/login94f3.html]
[bookin.nativecode.in/login8890.html]
[bookin.nativecode.in/login82b1.html]
[bookin.nativecode.in/logindf8f.html]
[bookin.nativecode.in/logine0ef.html]
[bookin.nativecode.in/login5bca.html]
[bookin.nativecode.in/login694d.html]
[bookin.nativecode.in/logina43c.html]
[bookin.nativecode.in/login80ee.html]
[bookin.nativecode.in/login4a6f.html]
[bookin.nativecode.in/login52e3.html]
[bookin.nativecode.in/loginf851.html]
[bookin.nativecode.in/login4da7.html]
[bookin.nativecode.in/loginf6f3.html]
[bookin.nativecode.in/login4091.html]
[bookin.nativecode.in/login1ef1.html]
[bookin.nativecode.in/logind444.html]
[bookin.nativecode.in/login099e.html]
[bookin.nativecode.in/forgot-password.html]
[bookin.nativecode.in/login.html]
[bookin.nativecode.in/register4825.html]
[bookin.nativecode.in/businesses/saloon589c.html]
[bookin.nativecode.in/businesses/saloon6df2.html]
[bookin.nativecode.in/businesses/saloon0f2e.html]
[bookin.nativecode.in/businesses/saloon927e.html]
[bookin.nativecode.in/businesses/saloonbe5d.html]
[bookin.nativecode.in/businesses/salooned40.html]
[bookin.nativecode.in/businesses/saloon6065.html]
[bookin.nativecode.in/businesses/saloon053b.html]
[bookin.nativecode.in/businesses/salooncd05.html]
[bookin.nativecode.in/businesses/saloon94f3.html]
[bookin.nativecode.in/businesses/saloon8890.html]
[bookin.nativecode.in/businesses/saloon82b1.html]
[bookin.nativecode.in/businesses/saloondf8f.html]
[bookin.nativecode.in/businesses/saloone0ef.html]
[bookin.nativecode.in/businesses/saloon5bca.html]
[bookin.nativecode.in/businesses/saloon694d.html]
[bookin.nativecode.in/businesses/saloona43c.html]
[bookin.nativecode.in/businesses/saloon80ee.html]
[bookin.nativecode.in/businesses/saloon4a6f.html]
[bookin.nativecode.in/businesses/saloon52e3.html]
[bookin.nativecode.in/businesses/saloonf851.html]
[bookin.nativecode.in/businesses/saloon4da7.html]
[bookin.nativecode.in/businesses/saloonf6f3.html]
[bookin.nativecode.in/businesses/saloon4091.html]
[bookin.nativecode.in/businesses/saloon1ef1.html]
[bookin.nativecode.in/businesses/saloond444.html]
[bookin.nativecode.in/businesses/saloon099e.html]
[bookin.nativecode.in/b/trendz-salon.html]
[bookin.nativecode.in/images/business/cover_images/saloon-cover2_675307f7b91fc.jpg]
[bookin.nativecode.in/images/business/logo_images/saloon-2_6752f4f780da6.png]
[bookin.nativecode.in/b/snip-&-style.html]
[bookin.nativecode.in/images/business/cover_images/saloon-cover3_6753074472594.jpg]
[bookin.nativecode.in/images/business/logo_images/saloon-3_6752f563bc073.jpg]
[bookin.nativecode.in/b/caner.html]
[bookin.nativecode.in/images/business/cover_images/programming-and-software-development-web-page-vector-30433911_6783efbaadceb.jpg]
[bookin.nativecode.in/images/business/logo_images/Star (3)_6783efbaadd5b.png]
[bookin.nativecode.in/businesses/saloon.html]
[bookin.nativecode.in/businesses/spa589c.html]
[bookin.nativecode.in/businesses/spa6df2.html]
[bookin.nativecode.in/businesses/spa0f2e.html]
[bookin.nativecode.in/businesses/spa927e.html]
[bookin.nativecode.in/businesses/spabe5d.html]
[bookin.nativecode.in/businesses/spaed40.html]
[bookin.nativecode.in/businesses/spa6065.html]
[bookin.nativecode.in/businesses/spa053b.html]
[bookin.nativecode.in/businesses/spacd05.html]
[bookin.nativecode.in/businesses/spa94f3.html]
[bookin.nativecode.in/businesses/spa8890.html]
[bookin.nativecode.in/businesses/spa82b1.html]
[bookin.nativecode.in/businesses/spadf8f.html]
[bookin.nativecode.in/businesses/spae0ef.html]
[bookin.nativecode.in/businesses/spa5bca.html]
[bookin.nativecode.in/businesses/spa694d.html]
[bookin.nativecode.in/businesses/spaa43c.html]
[bookin.nativecode.in/businesses/spa80ee.html]
[bookin.nativecode.in/businesses/spa4a6f.html]
[bookin.nativecode.in/businesses/spa52e3.html]
[bookin.nativecode.in/businesses/spaf851.html]
[bookin.nativecode.in/businesses/spa4da7.html]
[bookin.nativecode.in/businesses/spaf6f3.html]
[bookin.nativecode.in/businesses/spa4091.html]
[bookin.nativecode.in/businesses/spa1ef1.html]
[bookin.nativecode.in/businesses/spad444.html]
[bookin.nativecode.in/businesses/spa099e.html]
[bookin.nativecode.in/b/tranquil-spa.html]
[bookin.nativecode.in/images/business/cover_images/spa-cover2_6752f68a7301c.jpg]
[bookin.nativecode.in/images/business/logo_images/spa-2_6752f68a730ab.png]
[bookin.nativecode.in/b/serene-retreat.html]
[bookin.nativecode.in/images/business/cover_images/spa-cover3_6752f70c59ed5.jpg]
[bookin.nativecode.in/images/business/logo_images/spa-3_6752f70c59fea.png]
[bookin.nativecode.in/b/lotus-spa.html]
[bookin.nativecode.in/images/business/cover_images/spa-cover4_6752f76e9a891.jpg]
[bookin.nativecode.in/images/business/logo_images/spa-4_6752f76e9a991.png]
[bookin.nativecode.in/businesses/spa.html]
[bookin.nativecode.in/businesses/gym589c.html]
[bookin.nativecode.in/businesses/gym6df2.html]
[bookin.nativecode.in/businesses/gym0f2e.html]
[bookin.nativecode.in/businesses/gym927e.html]
[bookin.nativecode.in/businesses/gymbe5d.html]
[bookin.nativecode.in/businesses/gymed40.html]
[bookin.nativecode.in/businesses/gym6065.html]
[bookin.nativecode.in/businesses/gym053b.html]
[bookin.nativecode.in/businesses/gymcd05.html]
[bookin.nativecode.in/businesses/gym94f3.html]
[bookin.nativecode.in/businesses/gym8890.html]
[bookin.nativecode.in/businesses/gym82b1.html]
[bookin.nativecode.in/businesses/gymdf8f.html]
[bookin.nativecode.in/businesses/gyme0ef.html]
[bookin.nativecode.in/businesses/gym5bca.html]
[bookin.nativecode.in/businesses/gym694d.html]
[bookin.nativecode.in/businesses/gyma43c.html]
[bookin.nativecode.in/businesses/gym80ee.html]
[bookin.nativecode.in/businesses/gym4a6f.html]
[bookin.nativecode.in/businesses/gym52e3.html]
[bookin.nativecode.in/businesses/gymf851.html]
[bookin.nativecode.in/businesses/gym4da7.html]
[bookin.nativecode.in/businesses/gymf6f3.html]
[bookin.nativecode.in/businesses/gym4091.html]
[bookin.nativecode.in/businesses/gym1ef1.html]
[bookin.nativecode.in/businesses/gymd444.html]
[bookin.nativecode.in/businesses/gym099e.html]
[bookin.nativecode.in/b/peakfit.html]
[bookin.nativecode.in/images/business/cover_images/gym-cover2_6752f7f59bcd2.jpg]
[bookin.nativecode.in/images/business/logo_images/gym-2_6752f7f59bdc7.jpg]
[bookin.nativecode.in/b/fit-hub.html]
[bookin.nativecode.in/images/business/cover_images/gym-cover3_6752f8720828b.jpg]
[bookin.nativecode.in/images/business/logo_images/gym-3_6752f87208318.png]
[bookin.nativecode.in/b/flex-gym.html]
[bookin.nativecode.in/images/business/cover_images/gym-cover4_6752f98c25aa4.jpg]
[bookin.nativecode.in/images/business/logo_images/gym-4_6752f98c2616e.png]
[bookin.nativecode.in/businesses/gym.html]
[bookin.nativecode.in/businesses/mechanic589c.html]
[bookin.nativecode.in/businesses/mechanic6df2.html]
[bookin.nativecode.in/businesses/mechanic0f2e.html]
[bookin.nativecode.in/businesses/mechanic927e.html]
[bookin.nativecode.in/businesses/mechanicbe5d.html]
[bookin.nativecode.in/businesses/mechaniced40.html]
[bookin.nativecode.in/businesses/mechanic6065.html]
[bookin.nativecode.in/businesses/mechanic053b.html]
[bookin.nativecode.in/businesses/mechaniccd05.html]
[bookin.nativecode.in/businesses/mechanic94f3.html]
[bookin.nativecode.in/businesses/mechanic8890.html]
[bookin.nativecode.in/businesses/mechanic82b1.html]
[bookin.nativecode.in/businesses/mechanicdf8f.html]
[bookin.nativecode.in/businesses/mechanice0ef.html]
[bookin.nativecode.in/businesses/mechanic5bca.html]
[bookin.nativecode.in/businesses/mechanic694d.html]
[bookin.nativecode.in/businesses/mechanica43c.html]
[bookin.nativecode.in/businesses/mechanic80ee.html]
[bookin.nativecode.in/businesses/mechanic4a6f.html]
[bookin.nativecode.in/businesses/mechanic52e3.html]
[bookin.nativecode.in/businesses/mechanicf851.html]
[bookin.nativecode.in/businesses/mechanic4da7.html]
[bookin.nativecode.in/businesses/mechanicf6f3.html]
[bookin.nativecode.in/businesses/mechanic4091.html]
[bookin.nativecode.in/businesses/mechanic1ef1.html]
[bookin.nativecode.in/businesses/mechanicd444.html]
[bookin.nativecode.in/businesses/mechanic099e.html]
[bookin.nativecode.in/businesses/mechanic.html]
[bookin.nativecode.in/img/no-data.svg]
[bookin.nativecode.in/businesses/software589c.html]
[bookin.nativecode.in/businesses/software6df2.html]
[bookin.nativecode.in/businesses/software0f2e.html]
[bookin.nativecode.in/businesses/software927e.html]
[bookin.nativecode.in/businesses/softwarebe5d.html]
[bookin.nativecode.in/businesses/softwareed40.html]
[bookin.nativecode.in/businesses/software6065.html]
[bookin.nativecode.in/businesses/software053b.html]
[bookin.nativecode.in/businesses/softwarecd05.html]
[bookin.nativecode.in/businesses/software94f3.html]
[bookin.nativecode.in/businesses/software8890.html]
[bookin.nativecode.in/businesses/software82b1.html]
[bookin.nativecode.in/businesses/softwaredf8f.html]
[bookin.nativecode.in/businesses/softwaree0ef.html]
[bookin.nativecode.in/businesses/software5bca.html]
[bookin.nativecode.in/businesses/software694d.html]
[bookin.nativecode.in/businesses/softwarea43c.html]
[bookin.nativecode.in/businesses/software80ee.html]
[bookin.nativecode.in/businesses/software4a6f.html]
[bookin.nativecode.in/businesses/software52e3.html]
[bookin.nativecode.in/businesses/softwaref851.html]
[bookin.nativecode.in/businesses/software4da7.html]
[bookin.nativecode.in/businesses/softwaref6f3.html]
[bookin.nativecode.in/businesses/software4091.html]
[bookin.nativecode.in/businesses/software1ef1.html]
[bookin.nativecode.in/businesses/softwared444.html]
[bookin.nativecode.in/businesses/software099e.html]
[bookin.nativecode.in/b/tekno.html]
[bookin.nativecode.in/images/business/cover_images/default_67709efb25321.png]
[bookin.nativecode.in/images/business/logo_images/default_67709efb255d5.png]
[bookin.nativecode.in/businesses/software.html]
[bookin.nativecode.in/businesses/d-e-n-t-i-s-t589c.html]
[bookin.nativecode.in/businesses/d-e-n-t-i-s-t6df2.html]
[bookin.nativecode.in/businesses/d-e-n-t-i-s-t0f2e.html]
[bookin.nativecode.in/businesses/d-e-n-t-i-s-t927e.html]
[bookin.nativecode.in/businesses/d-e-n-t-i-s-tbe5d.html]
[bookin.nativecode.in/businesses/d-e-n-t-i-s-ted40.html]
[bookin.nativecode.in/businesses/d-e-n-t-i-s-t6065.html]
[bookin.nativecode.in/businesses/d-e-n-t-i-s-t053b.html]
[bookin.nativecode.in/businesses/d-e-n-t-i-s-tcd05.html]
[bookin.nativecode.in/businesses/d-e-n-t-i-s-t94f3.html]
[bookin.nativecode.in/businesses/d-e-n-t-i-s-t8890.html]
[bookin.nativecode.in/businesses/d-e-n-t-i-s-t82b1.html]
[bookin.nativecode.in/businesses/d-e-n-t-i-s-tdf8f.html]
[bookin.nativecode.in/businesses/d-e-n-t-i-s-te0ef.html]
[bookin.nativecode.in/businesses/d-e-n-t-i-s-t5bca.html]
[bookin.nativecode.in/businesses/d-e-n-t-i-s-t694d.html]
[bookin.nativecode.in/businesses/d-e-n-t-i-s-ta43c.html]
[bookin.nativecode.in/businesses/d-e-n-t-i-s-t80ee.html]
[bookin.nativecode.in/businesses/d-e-n-t-i-s-t4a6f.html]
[bookin.nativecode.in/businesses/d-e-n-t-i-s-t52e3.html]
[bookin.nativecode.in/businesses/d-e-n-t-i-s-tf851.html]
[bookin.nativecode.in/businesses/d-e-n-t-i-s-t4da7.html]
[bookin.nativecode.in/businesses/d-e-n-t-i-s-tf6f3.html]
[bookin.nativecode.in/businesses/d-e-n-t-i-s-t4091.html]
[bookin.nativecode.in/businesses/d-e-n-t-i-s-t1ef1.html]
[bookin.nativecode.in/businesses/d-e-n-t-i-s-td444.html]
[bookin.nativecode.in/businesses/d-e-n-t-i-s-t.html]
[bookin.nativecode.in/home-assets/images/how-it-works/line4.svg]
[bookin.nativecode.in/home-assets/images/how-it-works/gradient.svg]
[bookin.nativecode.in/home-assets/images/headers/gradient4.svg]
[bookin.nativecode.in/cdn-cgi/l/email-protection.html]
[bookin.nativecode.in/home-assets/images/footers/gradient4.svg]
[bookin.nativecode.in/businesses/d-e-n-t-i-s-t099e.html]
[bookin.nativecode.in/blogs589c.html]
[bookin.nativecode.in/blogs6df2.html]
[bookin.nativecode.in/blogs0f2e.html]
[bookin.nativecode.in/blogs927e.html]
[bookin.nativecode.in/blogsbe5d.html]
[bookin.nativecode.in/blogsed40.html]
[bookin.nativecode.in/blogs6065.html]
[bookin.nativecode.in/blogs053b.html]
[bookin.nativecode.in/blogscd05.html]
[bookin.nativecode.in/blogs94f3.html]
[bookin.nativecode.in/blogs8890.html]
[bookin.nativecode.in/blogs82b1.html]
[bookin.nativecode.in/blogsdf8f.html]
[bookin.nativecode.in/blogse0ef.html]
[bookin.nativecode.in/blogs5bca.html]
[bookin.nativecode.in/blogs694d.html]
[bookin.nativecode.in/blogsa43c.html]
[bookin.nativecode.in/blogs80ee.html]
[bookin.nativecode.in/blogs4a6f.html]
[bookin.nativecode.in/blogs52e3.html]
[bookin.nativecode.in/blogsf851.html]
[bookin.nativecode.in/blogs4da7.html]
[bookin.nativecode.in/blogsf6f3.html]
[bookin.nativecode.in/blogs4091.html]
[bookin.nativecode.in/blogs1ef1.html]
[bookin.nativecode.in/blogsd444.html]
[bookin.nativecode.in/blogs099e.html]
[bookin.nativecode.in/blog/how-can-you-revolutionize-online-service-booking-in-the-digital-era-.html]
[bookin.nativecode.in/images/blogs/cover-images/Technology in Online Booking_6753dbd14ee04.jpg]
[bookin.nativecode.in/blog/what-makes-an-online-service-booking-platform-truly-successful-.html]
[bookin.nativecode.in/images/blogs/cover-images/Technology in Online Booking (1)_6753dcb4107ba.jpg]
[bookin.nativecode.in/blogs.html]
[bookin.nativecode.in/privacy-policy589c.html]
[bookin.nativecode.in/privacy-policy6df2.html]
[bookin.nativecode.in/privacy-policy0f2e.html]
[bookin.nativecode.in/privacy-policy927e.html]
[bookin.nativecode.in/privacy-policybe5d.html]
[bookin.nativecode.in/privacy-policyed40.html]
[bookin.nativecode.in/privacy-policy6065.html]
[bookin.nativecode.in/privacy-policy053b.html]
[bookin.nativecode.in/privacy-policycd05.html]
[bookin.nativecode.in/privacy-policy94f3.html]
[bookin.nativecode.in/privacy-policy8890.html]
[bookin.nativecode.in/privacy-policy82b1.html]
[bookin.nativecode.in/privacy-policydf8f.html]
[bookin.nativecode.in/privacy-policye0ef.html]
[bookin.nativecode.in/privacy-policy5bca.html]
[bookin.nativecode.in/privacy-policy694d.html]
[bookin.nativecode.in/privacy-policya43c.html]
[bookin.nativecode.in/privacy-policy80ee.html]
[bookin.nativecode.in/privacy-policy4a6f.html]
[bookin.nativecode.in/privacy-policy52e3.html]
[bookin.nativecode.in/privacy-policyf851.html]
[bookin.nativecode.in/privacy-policy4da7.html]
[bookin.nativecode.in/privacy-policyf6f3.html]
[bookin.nativecode.in/privacy-policy4091.html]
[bookin.nativecode.in/privacy-policy1ef1.html]
[bookin.nativecode.in/privacy-policyd444.html]
[bookin.nativecode.in/privacy-policy.html]
[bookin.nativecode.in/privacy-policy099e.html]
[bookin.nativecode.in/refund-policy589c.html]
[bookin.nativecode.in/refund-policy6df2.html]
[bookin.nativecode.in/refund-policy0f2e.html]
[bookin.nativecode.in/refund-policy927e.html]
[bookin.nativecode.in/refund-policybe5d.html]
[bookin.nativecode.in/refund-policyed40.html]
[bookin.nativecode.in/refund-policy6065.html]
[bookin.nativecode.in/refund-policy053b.html]
[bookin.nativecode.in/refund-policycd05.html]
[bookin.nativecode.in/refund-policy94f3.html]
[bookin.nativecode.in/refund-policy8890.html]
[bookin.nativecode.in/refund-policy82b1.html]
[bookin.nativecode.in/refund-policydf8f.html]
[bookin.nativecode.in/refund-policye0ef.html]
[bookin.nativecode.in/refund-policy5bca.html]
[bookin.nativecode.in/refund-policy694d.html]
[bookin.nativecode.in/refund-policya43c.html]
[bookin.nativecode.in/refund-policy80ee.html]
[bookin.nativecode.in/refund-policy4a6f.html]
[bookin.nativecode.in/refund-policy52e3.html]
[bookin.nativecode.in/refund-policyf851.html]
[bookin.nativecode.in/refund-policy4da7.html]
[bookin.nativecode.in/refund-policyf6f3.html]
[bookin.nativecode.in/refund-policy4091.html]
[bookin.nativecode.in/refund-policy1ef1.html]
[bookin.nativecode.in/refund-policyd444.html]
[bookin.nativecode.in/refund-policy.html]
[bookin.nativecode.in/refund-policy099e.html]
[bookin.nativecode.in/terms-and-conditions589c.html]
[bookin.nativecode.in/terms-and-conditions6df2.html]
[bookin.nativecode.in/terms-and-conditions0f2e.html]
[bookin.nativecode.in/terms-and-conditions927e.html]
[bookin.nativecode.in/terms-and-conditionsbe5d.html]
[bookin.nativecode.in/terms-and-conditionsed40.html]
[bookin.nativecode.in/terms-and-conditions6065.html]
[bookin.nativecode.in/terms-and-conditions053b.html]
[bookin.nativecode.in/terms-and-conditionscd05.html]
[bookin.nativecode.in/terms-and-conditions94f3.html]
[bookin.nativecode.in/terms-and-conditions8890.html]
[bookin.nativecode.in/terms-and-conditions82b1.html]
[bookin.nativecode.in/terms-and-conditionsdf8f.html]
[bookin.nativecode.in/terms-and-conditionse0ef.html]
[bookin.nativecode.in/terms-and-conditions5bca.html]
[bookin.nativecode.in/terms-and-conditions694d.html]
[bookin.nativecode.in/terms-and-conditionsa43c.html]
[bookin.nativecode.in/terms-and-conditions80ee.html]
[bookin.nativecode.in/terms-and-conditions4a6f.html]
[bookin.nativecode.in/terms-and-conditions52e3.html]
[bookin.nativecode.in/terms-and-conditionsf851.html]
[bookin.nativecode.in/terms-and-conditions4da7.html]
[bookin.nativecode.in/terms-and-conditionsf6f3.html]
[bookin.nativecode.in/terms-and-conditions4091.html]
[bookin.nativecode.in/terms-and-conditions1ef1.html]
[bookin.nativecode.in/terms-and-conditionsd444.html]
[bookin.nativecode.in/terms-and-conditions.html]
[bookin.nativecode.in/features589c.html]
[bookin.nativecode.in/features6df2.html]
[bookin.nativecode.in/features0f2e.html]
[bookin.nativecode.in/features927e.html]
[bookin.nativecode.in/featuresbe5d.html]
[bookin.nativecode.in/featuresed40.html]
[bookin.nativecode.in/features6065.html]
[bookin.nativecode.in/features053b.html]
[bookin.nativecode.in/featurescd05.html]
[bookin.nativecode.in/features94f3.html]
[bookin.nativecode.in/features8890.html]
[bookin.nativecode.in/features82b1.html]
[bookin.nativecode.in/featuresdf8f.html]
[bookin.nativecode.in/featurese0ef.html]
[bookin.nativecode.in/features5bca.html]
[bookin.nativecode.in/features694d.html]
[bookin.nativecode.in/featuresa43c.html]
[bookin.nativecode.in/features80ee.html]
[bookin.nativecode.in/features4a6f.html]
[bookin.nativecode.in/features52e3.html]
[bookin.nativecode.in/featuresf851.html]
[bookin.nativecode.in/features4da7.html]
[bookin.nativecode.in/featuresf6f3.html]
[bookin.nativecode.in/features4091.html]
[bookin.nativecode.in/features1ef1.html]
[bookin.nativecode.in/featuresd444.html]
[bookin.nativecode.in/features099e.html]
[bookin.nativecode.in/contact589c.html]
[bookin.nativecode.in/contact6df2.html]
[bookin.nativecode.in/contact0f2e.html]
[bookin.nativecode.in/contact927e.html]
[bookin.nativecode.in/contactbe5d.html]
[bookin.nativecode.in/contacted40.html]
[bookin.nativecode.in/contact6065.html]
[bookin.nativecode.in/contact053b.html]
[bookin.nativecode.in/contactcd05.html]
[bookin.nativecode.in/contact94f3.html]
[bookin.nativecode.in/contact8890.html]
[bookin.nativecode.in/contact82b1.html]
[bookin.nativecode.in/contactdf8f.html]
[bookin.nativecode.in/contacte0ef.html]
[bookin.nativecode.in/contact5bca.html]
[bookin.nativecode.in/contact694d.html]
[bookin.nativecode.in/contacta43c.html]
[bookin.nativecode.in/contact80ee.html]
[bookin.nativecode.in/contact4a6f.html]
[bookin.nativecode.in/contact52e3.html]
[bookin.nativecode.in/contactf851.html]
[bookin.nativecode.in/contact4da7.html]
[bookin.nativecode.in/contactf6f3.html]
[bookin.nativecode.in/contact4091.html]
[bookin.nativecode.in/contact1ef1.html]
[bookin.nativecode.in/contactd444.html]
[bookin.nativecode.in/contact099e.html]
[bookin.nativecode.in/home-assets/images/contact/gradient4.html]
[bookin.nativecode.in/about589c.html]
[bookin.nativecode.in/about6df2.html]
[bookin.nativecode.in/about0f2e.html]
[bookin.nativecode.in/about927e.html]
[bookin.nativecode.in/aboutbe5d.html]
[bookin.nativecode.in/abouted40.html]
[bookin.nativecode.in/about6065.html]
[bookin.nativecode.in/about053b.html]
[bookin.nativecode.in/aboutcd05.html]
[bookin.nativecode.in/about94f3.html]
[bookin.nativecode.in/about8890.html]
[bookin.nativecode.in/about82b1.html]
[bookin.nativecode.in/aboutdf8f.html]
[bookin.nativecode.in/aboute0ef.html]
[bookin.nativecode.in/about5bca.html]
[bookin.nativecode.in/about694d.html]
[bookin.nativecode.in/abouta43c.html]
[bookin.nativecode.in/about80ee.html]
[bookin.nativecode.in/about4a6f.html]
[bookin.nativecode.in/about52e3.html]
[bookin.nativecode.in/aboutf851.html]
[bookin.nativecode.in/about4da7.html]
[bookin.nativecode.in/aboutf6f3.html]
[bookin.nativecode.in/about4091.html]
[bookin.nativecode.in/about1ef1.html]
[bookin.nativecode.in/aboutd444.html]
[bookin.nativecode.in/about099e.html]
[bookin.nativecode.in/register589c.html]
[bookin.nativecode.in/register6df2.html]
[bookin.nativecode.in/register0f2e.html]
[bookin.nativecode.in/register927e.html]
[bookin.nativecode.in/registerbe5d.html]
[bookin.nativecode.in/registered40.html]
[bookin.nativecode.in/register6065.html]
[bookin.nativecode.in/register053b.html]
[bookin.nativecode.in/registercd05.html]
[bookin.nativecode.in/register94f3.html]
[bookin.nativecode.in/register8890.html]
[bookin.nativecode.in/register82b1.html]
[bookin.nativecode.in/registerdf8f.html]
[bookin.nativecode.in/registere0ef.html]
[bookin.nativecode.in/register5bca.html]
[bookin.nativecode.in/register694d.html]
[bookin.nativecode.in/registera43c.html]
[bookin.nativecode.in/register80ee.html]
[bookin.nativecode.in/register4a6f.html]
[bookin.nativecode.in/register52e3.html]
[bookin.nativecode.in/registerf851.html]
[bookin.nativecode.in/register4da7.html]
[bookin.nativecode.in/registerf6f3.html]
[bookin.nativecode.in/register4091.html]
[bookin.nativecode.in/register1ef1.html]
[bookin.nativecode.in/registerd444.html]
[bookin.nativecode.in/register099e.html]
[bookin.nativecode.in/flaro-assets/images/sign-in/gradient.html]
[bookin.nativecode.in/login589c.html]
[bookin.nativecode.in/terms-and-conditions099e.html]
[bookin.nativecode.in/login6df2.html]
[bookin.nativecode.in/login0f2e.html]
[bookin.nativecode.in/login927e.html]
[bookin.nativecode.in/loginbe5d.html]
[bookin.nativecode.in/logined40.html]
[bookin.nativecode.in/login6065.html]
[bookin.nativecode.in/login053b.html]
[bookin.nativecode.in/logincd05.html]
[bookin.nativecode.in/login94f3.html]
[bookin.nativecode.in/login8890.html]
[bookin.nativecode.in/login82b1.html]
[bookin.nativecode.in/logindf8f.html]
[bookin.nativecode.in/logine0ef.html]
[bookin.nativecode.in/login5bca.html]
[bookin.nativecode.in/login694d.html]
[bookin.nativecode.in/logina43c.html]
[bookin.nativecode.in/login80ee.html]
[bookin.nativecode.in/login4a6f.html]
[bookin.nativecode.in/login52e3.html]
[bookin.nativecode.in/loginf851.html]
[bookin.nativecode.in/login4da7.html]
[bookin.nativecode.in/loginf6f3.html]
[bookin.nativecode.in/login4091.html]
[bookin.nativecode.in/login1ef1.html]
[bookin.nativecode.in/logind444.html]
[bookin.nativecode.in/login099e.html]
[bookin.nativecode.in/forgot-password589c.html]
[bookin.nativecode.in/forgot-password6df2.html]
[bookin.nativecode.in/forgot-password0f2e.html]
[bookin.nativecode.in/forgot-password927e.html]
[bookin.nativecode.in/forgot-passwordbe5d.html]
[bookin.nativecode.in/forgot-passworded40.html]
[bookin.nativecode.in/forgot-password6065.html]
[bookin.nativecode.in/forgot-password053b.html]
[bookin.nativecode.in/forgot-passwordcd05.html]
[bookin.nativecode.in/forgot-password94f3.html]
[bookin.nativecode.in/forgot-password8890.html]
[bookin.nativecode.in/forgot-password82b1.html]
[bookin.nativecode.in/forgot-passworddf8f.html]
[bookin.nativecode.in/forgot-passworde0ef.html]
[bookin.nativecode.in/forgot-password5bca.html]
[bookin.nativecode.in/forgot-password694d.html]
[bookin.nativecode.in/forgot-passworda43c.html]
[bookin.nativecode.in/forgot-password80ee.html]
[bookin.nativecode.in/forgot-password4a6f.html]
[bookin.nativecode.in/forgot-password52e3.html]
[bookin.nativecode.in/forgot-passwordf851.html]
[bookin.nativecode.in/forgot-password4da7.html]
[bookin.nativecode.in/forgot-passwordf6f3.html]
[bookin.nativecode.in/forgot-password4091.html]
[bookin.nativecode.in/forgot-password1ef1.html]
[bookin.nativecode.in/forgot-passwordd444.html]
[bookin.nativecode.in/forgot-password.html]
[bookin.nativecode.in/register4825.html]
[bookin.nativecode.in/businesses/saloon589c.html]
[bookin.nativecode.in/businesses/saloon6df2.html]
[bookin.nativecode.in/businesses/saloon0f2e.html]
[bookin.nativecode.in/forgot-password099e.html]
[bookin.nativecode.in/businesses/saloon927e.html]
[bookin.nativecode.in/businesses/saloonbe5d.html]
[bookin.nativecode.in/businesses/salooned40.html]
[bookin.nativecode.in/businesses/saloon6065.html]
[bookin.nativecode.in/businesses/saloon053b.html]
[bookin.nativecode.in/businesses/salooncd05.html]
[bookin.nativecode.in/businesses/saloon94f3.html]
[bookin.nativecode.in/businesses/saloon8890.html]
[bookin.nativecode.in/businesses/saloon82b1.html]
[bookin.nativecode.in/businesses/saloondf8f.html]
[bookin.nativecode.in/businesses/saloone0ef.html]
[bookin.nativecode.in/businesses/saloon5bca.html]
[bookin.nativecode.in/businesses/saloon694d.html]
[bookin.nativecode.in/businesses/saloona43c.html]
[bookin.nativecode.in/businesses/saloon80ee.html]
[bookin.nativecode.in/businesses/saloon4a6f.html]
[bookin.nativecode.in/businesses/saloon52e3.html]
[bookin.nativecode.in/businesses/saloonf851.html]
[bookin.nativecode.in/businesses/saloon4da7.html]
[bookin.nativecode.in/businesses/saloonf6f3.html]
[bookin.nativecode.in/businesses/saloon4091.html]
[bookin.nativecode.in/businesses/saloon1ef1.html]
[bookin.nativecode.in/businesses/saloond444.html]
[bookin.nativecode.in/businesses/saloon099e.html]
[bookin.nativecode.in/b/trendz-salon589c.html]
[bookin.nativecode.in/b/trendz-salon6df2.html]
[bookin.nativecode.in/b/trendz-salon0f2e.html]
[bookin.nativecode.in/b/trendz-salon927e.html]
[bookin.nativecode.in/b/trendz-salonbe5d.html]
[bookin.nativecode.in/b/trendz-saloned40.html]
[bookin.nativecode.in/b/trendz-salon6065.html]
[bookin.nativecode.in/b/trendz-salon053b.html]
[bookin.nativecode.in/b/trendz-saloncd05.html]
[bookin.nativecode.in/b/trendz-salon94f3.html]
[bookin.nativecode.in/b/trendz-salon8890.html]
[bookin.nativecode.in/b/trendz-salon82b1.html]
[bookin.nativecode.in/b/trendz-salondf8f.html]
[bookin.nativecode.in/b/trendz-salone0ef.html]
[bookin.nativecode.in/b/trendz-salon5bca.html]
[bookin.nativecode.in/b/trendz-salon694d.html]
[bookin.nativecode.in/b/trendz-salona43c.html]
[bookin.nativecode.in/b/trendz-salon80ee.html]
[bookin.nativecode.in/b/trendz-salon4a6f.html]
[bookin.nativecode.in/b/trendz-salon52e3.html]
[bookin.nativecode.in/b/trendz-salonf851.html]
[bookin.nativecode.in/b/trendz-salon4da7.html]
[bookin.nativecode.in/b/trendz-salonf6f3.html]
[bookin.nativecode.in/b/trendz-salon4091.html]
[bookin.nativecode.in/b/trendz-salon1ef1.html]
[bookin.nativecode.in/b/trendz-salond444.html]
[bookin.nativecode.in/b/trendz-salon099e.html]
[bookin.nativecode.in/b/trendz-salon.html]
[bookin.nativecode.in/b/snip-&-style589c.html]
[bookin.nativecode.in/b/snip-&-style6df2.html]
[bookin.nativecode.in/b/snip-&-style0f2e.html]
[bookin.nativecode.in/b/snip-&-style927e.html]
[bookin.nativecode.in/b/snip-&-stylebe5d.html]
[bookin.nativecode.in/b/snip-&-styleed40.html]
[bookin.nativecode.in/b/snip-&-style6065.html]
[bookin.nativecode.in/b/snip-&-style053b.html]
[bookin.nativecode.in/b/snip-&-stylecd05.html]
[bookin.nativecode.in/b/snip-&-style94f3.html]
[bookin.nativecode.in/b/snip-&-style8890.html]
[bookin.nativecode.in/b/snip-&-style82b1.html]
[bookin.nativecode.in/b/snip-&-styledf8f.html]
[bookin.nativecode.in/b/snip-&-stylee0ef.html]
[bookin.nativecode.in/b/snip-&-style5bca.html]
[bookin.nativecode.in/b/snip-&-style694d.html]
[bookin.nativecode.in/b/snip-&-stylea43c.html]
[bookin.nativecode.in/b/snip-&-style80ee.html]
[bookin.nativecode.in/b/snip-&-style4a6f.html]
[bookin.nativecode.in/b/snip-&-style52e3.html]
[bookin.nativecode.in/b/snip-&-stylef851.html]
[bookin.nativecode.in/b/snip-&-style4da7.html]
[bookin.nativecode.in/b/snip-&-stylef6f3.html]
[bookin.nativecode.in/b/snip-&-style4091.html]
[bookin.nativecode.in/b/snip-&-style1ef1.html]
[bookin.nativecode.in/b/snip-&-styled444.html]
[bookin.nativecode.in/b/snip-&-style099e.html]
[bookin.nativecode.in/b/snip-&-style.html]
[bookin.nativecode.in/b/caner589c.html]
[bookin.nativecode.in/b/caner6df2.html]
[bookin.nativecode.in/b/caner0f2e.html]
[bookin.nativecode.in/b/caner927e.html]
[bookin.nativecode.in/b/canerbe5d.html]
[bookin.nativecode.in/b/canered40.html]
[bookin.nativecode.in/b/caner6065.html]
[bookin.nativecode.in/b/caner053b.html]
[bookin.nativecode.in/b/canercd05.html]
[bookin.nativecode.in/b/caner94f3.html]
[bookin.nativecode.in/b/caner8890.html]
[bookin.nativecode.in/b/caner82b1.html]
[bookin.nativecode.in/b/canerdf8f.html]
[bookin.nativecode.in/b/canere0ef.html]
[bookin.nativecode.in/b/caner5bca.html]
[bookin.nativecode.in/b/caner694d.html]
[bookin.nativecode.in/b/canera43c.html]
[bookin.nativecode.in/b/caner80ee.html]
[bookin.nativecode.in/b/caner4a6f.html]
[bookin.nativecode.in/b/caner52e3.html]
[bookin.nativecode.in/b/canerf851.html]
[bookin.nativecode.in/b/caner4da7.html]
[bookin.nativecode.in/b/canerf6f3.html]
[bookin.nativecode.in/b/caner4091.html]
[bookin.nativecode.in/b/caner1ef1.html]
[bookin.nativecode.in/b/canerd444.html]
[bookin.nativecode.in/b/caner099e.html]
[bookin.nativecode.in/b/caner.html]
[bookin.nativecode.in/businesses/spa589c.html]
[bookin.nativecode.in/businesses/spa6df2.html]
[bookin.nativecode.in/businesses/spa0f2e.html]
[bookin.nativecode.in/businesses/spa927e.html]
[bookin.nativecode.in/businesses/spabe5d.html]
[bookin.nativecode.in/businesses/spaed40.html]
[bookin.nativecode.in/businesses/spa6065.html]
[bookin.nativecode.in/businesses/spa053b.html]
[bookin.nativecode.in/businesses/spacd05.html]
[bookin.nativecode.in/businesses/spa94f3.html]
[bookin.nativecode.in/businesses/spa8890.html]
[bookin.nativecode.in/businesses/spa82b1.html]
[bookin.nativecode.in/businesses/spadf8f.html]
[bookin.nativecode.in/businesses/spae0ef.html]
[bookin.nativecode.in/businesses/spa5bca.html]
[bookin.nativecode.in/businesses/spa694d.html]
[bookin.nativecode.in/businesses/spaa43c.html]
[bookin.nativecode.in/businesses/spa80ee.html]
[bookin.nativecode.in/businesses/spa4a6f.html]
[bookin.nativecode.in/businesses/spa52e3.html]
[bookin.nativecode.in/businesses/spaf851.html]
[bookin.nativecode.in/businesses/spa4da7.html]
[bookin.nativecode.in/businesses/spaf6f3.html]
[bookin.nativecode.in/businesses/spa4091.html]
[bookin.nativecode.in/businesses/spa1ef1.html]
[bookin.nativecode.in/businesses/spad444.html]
[bookin.nativecode.in/businesses/spa099e.html]
[bookin.nativecode.in/b/tranquil-spa589c.html]
[bookin.nativecode.in/b/tranquil-spa6df2.html]
[bookin.nativecode.in/b/tranquil-spa0f2e.html]
[bookin.nativecode.in/b/tranquil-spa927e.html]
[bookin.nativecode.in/b/tranquil-spabe5d.html]
[bookin.nativecode.in/b/tranquil-spaed40.html]
[bookin.nativecode.in/b/tranquil-spa6065.html]
[bookin.nativecode.in/b/tranquil-spa053b.html]
[bookin.nativecode.in/b/tranquil-spacd05.html]
[bookin.nativecode.in/b/tranquil-spa94f3.html]
[bookin.nativecode.in/b/tranquil-spa8890.html]
[bookin.nativecode.in/b/tranquil-spa82b1.html]
[bookin.nativecode.in/b/tranquil-spadf8f.html]
[bookin.nativecode.in/b/tranquil-spae0ef.html]
[bookin.nativecode.in/b/tranquil-spa5bca.html]
[bookin.nativecode.in/b/tranquil-spa694d.html]
[bookin.nativecode.in/b/tranquil-spaa43c.html]
[bookin.nativecode.in/b/tranquil-spa80ee.html]
[bookin.nativecode.in/b/tranquil-spa4a6f.html]
[bookin.nativecode.in/b/tranquil-spa52e3.html]
[bookin.nativecode.in/b/tranquil-spaf851.html]
[bookin.nativecode.in/b/tranquil-spa4da7.html]
[bookin.nativecode.in/b/tranquil-spaf6f3.html]
[bookin.nativecode.in/b/tranquil-spa4091.html]
[bookin.nativecode.in/b/tranquil-spa1ef1.html]
[bookin.nativecode.in/b/tranquil-spad444.html]
[bookin.nativecode.in/b/tranquil-spa099e.html]
[bookin.nativecode.in/b/tranquil-spa.html]
[bookin.nativecode.in/b/serene-retreat589c.html]
[bookin.nativecode.in/b/serene-retreat6df2.html]
[bookin.nativecode.in/b/serene-retreat0f2e.html]
[bookin.nativecode.in/b/serene-retreat927e.html]
[bookin.nativecode.in/b/serene-retreatbe5d.html]
[bookin.nativecode.in/b/serene-retreated40.html]
[bookin.nativecode.in/b/serene-retreat6065.html]
[bookin.nativecode.in/b/serene-retreat053b.html]
[bookin.nativecode.in/b/serene-retreatcd05.html]
[bookin.nativecode.in/b/serene-retreat94f3.html]
[bookin.nativecode.in/b/serene-retreat8890.html]
[bookin.nativecode.in/b/serene-retreat82b1.html]
[bookin.nativecode.in/b/serene-retreatdf8f.html]
[bookin.nativecode.in/b/serene-retreate0ef.html]
[bookin.nativecode.in/b/serene-retreat5bca.html]
[bookin.nativecode.in/b/serene-retreat694d.html]
[bookin.nativecode.in/b/serene-retreata43c.html]
[bookin.nativecode.in/b/serene-retreat80ee.html]
[bookin.nativecode.in/b/serene-retreat4a6f.html]
[bookin.nativecode.in/b/serene-retreat52e3.html]
[bookin.nativecode.in/b/serene-retreatf851.html]
[bookin.nativecode.in/b/serene-retreat4da7.html]
[bookin.nativecode.in/b/serene-retreatf6f3.html]
[bookin.nativecode.in/b/serene-retreat4091.html]
[bookin.nativecode.in/b/serene-retreat1ef1.html]
[bookin.nativecode.in/b/serene-retreatd444.html]
[bookin.nativecode.in/b/serene-retreat099e.html]
[bookin.nativecode.in/b/serene-retreat.html]
[bookin.nativecode.in/b/lotus-spa589c.html]
[bookin.nativecode.in/b/lotus-spa6df2.html]
[bookin.nativecode.in/b/lotus-spa0f2e.html]
[bookin.nativecode.in/b/lotus-spa927e.html]
[bookin.nativecode.in/b/lotus-spabe5d.html]
[bookin.nativecode.in/b/lotus-spaed40.html]
[bookin.nativecode.in/b/lotus-spa6065.html]
[bookin.nativecode.in/b/lotus-spa053b.html]
[bookin.nativecode.in/b/lotus-spacd05.html]
[bookin.nativecode.in/b/lotus-spa94f3.html]
[bookin.nativecode.in/b/lotus-spa8890.html]
[bookin.nativecode.in/b/lotus-spa82b1.html]
[bookin.nativecode.in/b/lotus-spadf8f.html]
[bookin.nativecode.in/b/lotus-spae0ef.html]
[bookin.nativecode.in/b/lotus-spa5bca.html]
[bookin.nativecode.in/b/lotus-spa694d.html]
[bookin.nativecode.in/b/lotus-spaa43c.html]
[bookin.nativecode.in/b/lotus-spa80ee.html]
[bookin.nativecode.in/b/lotus-spa4a6f.html]
[bookin.nativecode.in/b/lotus-spa52e3.html]
[bookin.nativecode.in/b/lotus-spaf851.html]
[bookin.nativecode.in/b/lotus-spa4da7.html]
[bookin.nativecode.in/b/lotus-spaf6f3.html]
[bookin.nativecode.in/b/lotus-spa4091.html]
[bookin.nativecode.in/b/lotus-spa1ef1.html]
[bookin.nativecode.in/b/lotus-spad444.html]
[bookin.nativecode.in/b/lotus-spa099e.html]
[bookin.nativecode.in/b/lotus-spa.html]
[bookin.nativecode.in/businesses/gym589c.html]
[bookin.nativecode.in/businesses/gym6df2.html]
[bookin.nativecode.in/businesses/gym0f2e.html]
[bookin.nativecode.in/businesses/gym927e.html]
[bookin.nativecode.in/businesses/gymbe5d.html]
[bookin.nativecode.in/businesses/gymed40.html]
[bookin.nativecode.in/businesses/gym6065.html]
[bookin.nativecode.in/businesses/gym053b.html]
[bookin.nativecode.in/businesses/gymcd05.html]
[bookin.nativecode.in/businesses/gym94f3.html]
[bookin.nativecode.in/businesses/gym8890.html]
[bookin.nativecode.in/businesses/gym82b1.html]
[bookin.nativecode.in/businesses/gymdf8f.html]
[bookin.nativecode.in/businesses/gyme0ef.html]
[bookin.nativecode.in/businesses/gym5bca.html]
[bookin.nativecode.in/businesses/gym694d.html]
[bookin.nativecode.in/businesses/gyma43c.html]
[bookin.nativecode.in/businesses/gym80ee.html]
[bookin.nativecode.in/businesses/gym4a6f.html]
[bookin.nativecode.in/businesses/gym52e3.html]
[bookin.nativecode.in/businesses/gymf851.html]
[bookin.nativecode.in/businesses/gym4da7.html]
[bookin.nativecode.in/businesses/gymf6f3.html]
[bookin.nativecode.in/businesses/gym4091.html]
[bookin.nativecode.in/businesses/gym1ef1.html]
[bookin.nativecode.in/businesses/gymd444.html]
[bookin.nativecode.in/businesses/gym099e.html]
[bookin.nativecode.in/b/peakfit589c.html]
[bookin.nativecode.in/b/peakfit6df2.html]
[bookin.nativecode.in/b/peakfit0f2e.html]
[bookin.nativecode.in/b/peakfit927e.html]
[bookin.nativecode.in/b/peakfitbe5d.html]
[bookin.nativecode.in/b/peakfited40.html]
[bookin.nativecode.in/b/peakfit6065.html]
[bookin.nativecode.in/b/peakfit053b.html]
[bookin.nativecode.in/b/peakfitcd05.html]
[bookin.nativecode.in/b/peakfit94f3.html]
[bookin.nativecode.in/b/peakfit8890.html]
[bookin.nativecode.in/b/peakfit82b1.html]
[bookin.nativecode.in/b/peakfitdf8f.html]
[bookin.nativecode.in/b/peakfite0ef.html]
[bookin.nativecode.in/b/peakfit5bca.html]
[bookin.nativecode.in/b/peakfit694d.html]
[bookin.nativecode.in/b/peakfita43c.html]
[bookin.nativecode.in/b/peakfit80ee.html]
[bookin.nativecode.in/b/peakfit4a6f.html]
[bookin.nativecode.in/b/peakfit52e3.html]
[bookin.nativecode.in/b/peakfitf851.html]
[bookin.nativecode.in/b/peakfit4da7.html]
[bookin.nativecode.in/b/peakfitf6f3.html]
[bookin.nativecode.in/b/peakfit4091.html]
[bookin.nativecode.in/b/peakfit1ef1.html]
[bookin.nativecode.in/b/peakfitd444.html]
[bookin.nativecode.in/b/peakfit099e.html]
[bookin.nativecode.in/b/peakfit.html]
[bookin.nativecode.in/b/fit-hub589c.html]
[bookin.nativecode.in/b/fit-hub6df2.html]
[bookin.nativecode.in/b/fit-hub0f2e.html]
[bookin.nativecode.in/b/fit-hub927e.html]
[bookin.nativecode.in/b/fit-hubbe5d.html]
[bookin.nativecode.in/b/fit-hubed40.html]
[bookin.nativecode.in/b/fit-hub6065.html]
[bookin.nativecode.in/b/fit-hub053b.html]
[bookin.nativecode.in/b/fit-hubcd05.html]
[bookin.nativecode.in/b/fit-hub94f3.html]
[bookin.nativecode.in/b/fit-hub8890.html]
[bookin.nativecode.in/b/fit-hub82b1.html]
[bookin.nativecode.in/b/fit-hubdf8f.html]
[bookin.nativecode.in/b/fit-hube0ef.html]
[bookin.nativecode.in/b/fit-hub5bca.html]
[bookin.nativecode.in/b/fit-hub694d.html]
[bookin.nativecode.in/b/fit-huba43c.html]
[bookin.nativecode.in/b/fit-hub80ee.html]
[bookin.nativecode.in/b/fit-hub4a6f.html]
[bookin.nativecode.in/b/fit-hub52e3.html]
[bookin.nativecode.in/b/fit-hubf851.html]
[bookin.nativecode.in/b/fit-hub4da7.html]
[bookin.nativecode.in/b/fit-hubf6f3.html]
[bookin.nativecode.in/b/fit-hub4091.html]
[bookin.nativecode.in/b/fit-hub1ef1.html]
[bookin.nativecode.in/b/fit-hubd444.html]
[bookin.nativecode.in/b/fit-hub099e.html]
[bookin.nativecode.in/b/fit-hub.html]
[bookin.nativecode.in/b/flex-gym589c.html]
[bookin.nativecode.in/b/flex-gym6df2.html]
[bookin.nativecode.in/b/flex-gym0f2e.html]
[bookin.nativecode.in/b/flex-gym927e.html]
[bookin.nativecode.in/b/flex-gymbe5d.html]
[bookin.nativecode.in/b/flex-gymed40.html]
[bookin.nativecode.in/b/flex-gym6065.html]
[bookin.nativecode.in/b/flex-gym053b.html]
[bookin.nativecode.in/b/flex-gymcd05.html]
[bookin.nativecode.in/b/flex-gym94f3.html]
[bookin.nativecode.in/b/flex-gym8890.html]
[bookin.nativecode.in/b/flex-gym82b1.html]
[bookin.nativecode.in/b/flex-gymdf8f.html]
[bookin.nativecode.in/b/flex-gyme0ef.html]
[bookin.nativecode.in/b/flex-gym5bca.html]
[bookin.nativecode.in/b/flex-gym694d.html]
[bookin.nativecode.in/b/flex-gyma43c.html]
[bookin.nativecode.in/b/flex-gym80ee.html]
[bookin.nativecode.in/b/flex-gym4a6f.html]
[bookin.nativecode.in/b/flex-gym52e3.html]
[bookin.nativecode.in/b/flex-gymf851.html]
[bookin.nativecode.in/b/flex-gym4da7.html]
[bookin.nativecode.in/b/flex-gymf6f3.html]
[bookin.nativecode.in/b/flex-gym4091.html]
[bookin.nativecode.in/b/flex-gym1ef1.html]
[bookin.nativecode.in/b/flex-gymd444.html]
[bookin.nativecode.in/b/flex-gym099e.html]
[bookin.nativecode.in/b/flex-gym.html]
[bookin.nativecode.in/businesses/mechanic589c.html]
[bookin.nativecode.in/businesses/mechanic6df2.html]
[bookin.nativecode.in/businesses/mechanic0f2e.html]
[bookin.nativecode.in/businesses/mechanic927e.html]
[bookin.nativecode.in/businesses/mechanicbe5d.html]
[bookin.nativecode.in/businesses/mechaniced40.html]
[bookin.nativecode.in/businesses/mechanic6065.html]
[bookin.nativecode.in/businesses/mechanic053b.html]
[bookin.nativecode.in/businesses/mechaniccd05.html]
[bookin.nativecode.in/businesses/mechanic94f3.html]
[bookin.nativecode.in/businesses/mechanic8890.html]
[bookin.nativecode.in/businesses/mechanic82b1.html]
[bookin.nativecode.in/businesses/mechanicdf8f.html]
[bookin.nativecode.in/businesses/mechanice0ef.html]
[bookin.nativecode.in/businesses/mechanic5bca.html]
[bookin.nativecode.in/businesses/mechanic694d.html]
[bookin.nativecode.in/businesses/mechanica43c.html]
[bookin.nativecode.in/businesses/mechanic80ee.html]
[bookin.nativecode.in/businesses/mechanic4a6f.html]
[bookin.nativecode.in/businesses/mechanic52e3.html]
[bookin.nativecode.in/businesses/mechanicf851.html]
[bookin.nativecode.in/businesses/mechanic4da7.html]
[bookin.nativecode.in/businesses/mechanicf6f3.html]
[bookin.nativecode.in/businesses/mechanic4091.html]
[bookin.nativecode.in/businesses/mechanic1ef1.html]
[bookin.nativecode.in/businesses/mechanicd444.html]
[bookin.nativecode.in/businesses/mechanic099e.html]
[bookin.nativecode.in/img/no-data.svg]
[bookin.nativecode.in/businesses/software589c.html]
[bookin.nativecode.in/businesses/software6df2.html]
[bookin.nativecode.in/businesses/software0f2e.html]
[bookin.nativecode.in/businesses/software927e.html]
[bookin.nativecode.in/businesses/softwarebe5d.html]
[bookin.nativecode.in/businesses/softwareed40.html]
[bookin.nativecode.in/businesses/software6065.html]
[bookin.nativecode.in/businesses/software053b.html]
[bookin.nativecode.in/businesses/softwarecd05.html]
[bookin.nativecode.in/businesses/software94f3.html]
[bookin.nativecode.in/businesses/software8890.html]
[bookin.nativecode.in/businesses/software82b1.html]
[bookin.nativecode.in/businesses/softwaredf8f.html]
[bookin.nativecode.in/businesses/softwaree0ef.html]
[bookin.nativecode.in/businesses/software5bca.html]
[bookin.nativecode.in/businesses/software694d.html]
[bookin.nativecode.in/businesses/softwarea43c.html]
[bookin.nativecode.in/businesses/software80ee.html]
[bookin.nativecode.in/businesses/software4a6f.html]
[bookin.nativecode.in/businesses/software52e3.html]
[bookin.nativecode.in/businesses/softwaref851.html]
[bookin.nativecode.in/businesses/software4da7.html]
[bookin.nativecode.in/businesses/softwaref6f3.html]
[bookin.nativecode.in/businesses/software4091.html]
[bookin.nativecode.in/businesses/software1ef1.html]
[bookin.nativecode.in/businesses/softwared444.html]
[bookin.nativecode.in/businesses/software099e.html]
[bookin.nativecode.in/b/tekno589c.html]
[bookin.nativecode.in/b/tekno6df2.html]
[bookin.nativecode.in/b/tekno0f2e.html]
[bookin.nativecode.in/b/tekno927e.html]
[bookin.nativecode.in/b/teknobe5d.html]
[bookin.nativecode.in/b/teknoed40.html]
[bookin.nativecode.in/b/tekno6065.html]
[bookin.nativecode.in/b/tekno053b.html]
[bookin.nativecode.in/b/teknocd05.html]
[bookin.nativecode.in/b/tekno94f3.html]
[bookin.nativecode.in/b/tekno8890.html]
[bookin.nativecode.in/b/tekno82b1.html]
[bookin.nativecode.in/b/teknodf8f.html]
[bookin.nativecode.in/b/teknoe0ef.html]
[bookin.nativecode.in/b/tekno5bca.html]
[bookin.nativecode.in/b/tekno694d.html]
[bookin.nativecode.in/b/teknoa43c.html]
[bookin.nativecode.in/b/tekno80ee.html]
[bookin.nativecode.in/b/tekno4a6f.html]
[bookin.nativecode.in/b/tekno52e3.html]
[bookin.nativecode.in/b/teknof851.html]
[bookin.nativecode.in/b/tekno4da7.html]
[bookin.nativecode.in/b/teknof6f3.html]
[bookin.nativecode.in/b/tekno4091.html]
[bookin.nativecode.in/b/tekno1ef1.html]
[bookin.nativecode.in/b/teknod444.html]
[bookin.nativecode.in/b/tekno099e.html]
[bookin.nativecode.in/b/tekno.html]
[bookin.nativecode.in/businesses/d-e-n-t-i-s-t589c.html]
[bookin.nativecode.in/businesses/d-e-n-t-i-s-t6df2.html]
[bookin.nativecode.in/businesses/d-e-n-t-i-s-t0f2e.html]
[bookin.nativecode.in/businesses/d-e-n-t-i-s-t927e.html]
[bookin.nativecode.in/businesses/d-e-n-t-i-s-tbe5d.html]
[bookin.nativecode.in/businesses/d-e-n-t-i-s-ted40.html]
[bookin.nativecode.in/businesses/d-e-n-t-i-s-t6065.html]
[bookin.nativecode.in/businesses/d-e-n-t-i-s-t053b.html]
[bookin.nativecode.in/businesses/d-e-n-t-i-s-tcd05.html]
[bookin.nativecode.in/businesses/d-e-n-t-i-s-t94f3.html]
[bookin.nativecode.in/businesses/d-e-n-t-i-s-t8890.html]
[bookin.nativecode.in/businesses/d-e-n-t-i-s-t82b1.html]
[bookin.nativecode.in/businesses/d-e-n-t-i-s-tdf8f.html]
[bookin.nativecode.in/businesses/d-e-n-t-i-s-te0ef.html]
[bookin.nativecode.in/businesses/d-e-n-t-i-s-t5bca.html]
[bookin.nativecode.in/businesses/d-e-n-t-i-s-t694d.html]
[bookin.nativecode.in/businesses/d-e-n-t-i-s-ta43c.html]
[bookin.nativecode.in/businesses/d-e-n-t-i-s-t80ee.html]
[bookin.nativecode.in/businesses/d-e-n-t-i-s-t4a6f.html]
[bookin.nativecode.in/businesses/d-e-n-t-i-s-t52e3.html]
[bookin.nativecode.in/businesses/d-e-n-t-i-s-tf851.html]
[bookin.nativecode.in/businesses/d-e-n-t-i-s-t4da7.html]
[bookin.nativecode.in/businesses/d-e-n-t-i-s-tf6f3.html]
[bookin.nativecode.in/businesses/d-e-n-t-i-s-t4091.html]
[bookin.nativecode.in/businesses/d-e-n-t-i-s-t1ef1.html]
[bookin.nativecode.in/businesses/d-e-n-t-i-s-td444.html]
[bookin.nativecode.in/businesses/d-e-n-t-i-s-t099e.html]
[bookin.nativecode.in/blogs589c.html]
[bookin.nativecode.in/blogs6df2.html]
[bookin.nativecode.in/blogs0f2e.html]
[bookin.nativecode.in/blogs927e.html]
[bookin.nativecode.in/blogsbe5d.html]
[bookin.nativecode.in/blogsed40.html]
[bookin.nativecode.in/blogs6065.html]
[bookin.nativecode.in/blogs053b.html]
[bookin.nativecode.in/blogscd05.html]
[bookin.nativecode.in/blogs94f3.html]
[bookin.nativecode.in/blogs8890.html]
[bookin.nativecode.in/blogs82b1.html]
[bookin.nativecode.in/blogsdf8f.html]
[bookin.nativecode.in/blogse0ef.html]
[bookin.nativecode.in/blogs5bca.html]
[bookin.nativecode.in/blogs694d.html]
[bookin.nativecode.in/blogsa43c.html]
[bookin.nativecode.in/blogs80ee.html]
[bookin.nativecode.in/blogs4a6f.html]
[bookin.nativecode.in/blogs52e3.html]
[bookin.nativecode.in/blogsf851.html]
[bookin.nativecode.in/blogs4da7.html]
[bookin.nativecode.in/blogsf6f3.html]
[bookin.nativecode.in/blogs4091.html]
[bookin.nativecode.in/blogs1ef1.html]
[bookin.nativecode.in/blogsd444.html]
[bookin.nativecode.in/blogs099e.html]
[bookin.nativecode.in/how-can-you-revolutionize-online-service-booking-in-the-digital-era-.336.delayed]
[bookin.nativecode.in/blog/how-can-you-revolutionize-online-service-booking-in-the-digital-era-589c.html]
[bookin.nativecode.in/blog/how-can-you-revolutionize-online-service-booking-in-the-digital-era-6df2.html]
[bookin.nativecode.in/blog/how-can-you-revolutionize-online-service-booking-in-the-digital-era-0f2e.html]
[bookin.nativecode.in/blog/how-can-you-revolutionize-online-service-booking-in-the-digital-era-927e.html]
[bookin.nativecode.in/blog/how-can-you-revolutionize-online-service-booking-in-the-digital-era-be5d.html]
[bookin.nativecode.in/blog/how-can-you-revolutionize-online-service-booking-in-the-digital-era-ed40.html]
[bookin.nativecode.in/blog/how-can-you-revolutionize-online-service-booking-in-the-digital-era-6065.html]
[bookin.nativecode.in/blog/how-can-you-revolutionize-online-service-booking-in-the-digital-era-053b.html]
[bookin.nativecode.in/blog/how-can-you-revolutionize-online-service-booking-in-the-digital-era-cd05.html]
[bookin.nativecode.in/blog/how-can-you-revolutionize-online-service-booking-in-the-digital-era-94f3.html]
[bookin.nativecode.in/blog/how-can-you-revolutionize-online-service-booking-in-the-digital-era-8890.html]
[bookin.nativecode.in/blog/how-can-you-revolutionize-online-service-booking-in-the-digital-era-82b1.html]
[bookin.nativecode.in/blog/how-can-you-revolutionize-online-service-booking-in-the-digital-era-df8f.html]
[bookin.nativecode.in/blog/how-can-you-revolutionize-online-service-booking-in-the-digital-era-e0ef.html]
[bookin.nativecode.in/blog/how-can-you-revolutionize-online-service-booking-in-the-digital-era-5bca.html]
[bookin.nativecode.in/blog/how-can-you-revolutionize-online-service-booking-in-the-digital-era-694d.html]
[bookin.nativecode.in/blog/how-can-you-revolutionize-online-service-booking-in-the-digital-era-a43c.html]
[bookin.nativecode.in/blog/how-can-you-revolutionize-online-service-booking-in-the-digital-era-80ee.html]
[bookin.nativecode.in/blog/how-can-you-revolutionize-online-service-booking-in-the-digital-era-4a6f.html]
[bookin.nativecode.in/blog/how-can-you-revolutionize-online-service-booking-in-the-digital-era-52e3.html]
[bookin.nativecode.in/blog/how-can-you-revolutionize-online-service-booking-in-the-digital-era-f851.html]
[bookin.nativecode.in/blog/how-can-you-revolutionize-online-service-booking-in-the-digital-era-4da7.html]
[bookin.nativecode.in/blog/how-can-you-revolutionize-online-service-booking-in-the-digital-era-f6f3.html]
[bookin.nativecode.in/blog/how-can-you-revolutionize-online-service-booking-in-the-digital-era-4091.html]
[bookin.nativecode.in/blog/how-can-you-revolutionize-online-service-booking-in-the-digital-era-1ef1.html]
[bookin.nativecode.in/blog/how-can-you-revolutionize-online-service-booking-in-the-digital-era-d444.html]
[bookin.nativecode.in/blog/how-can-you-revolutionize-online-service-booking-in-the-digital-era-099e.html]
[bookin.nativecode.in/blog/how-can-you-revolutionize-online-service-booking-in-the-digital-era-.html]
[bookin.nativecode.in/what-makes-an-online-service-booking-platform-truly-successful-]
[bookin.nativecode.in/blog/what-makes-an-online-service-booking-platform-truly-successful-589c.html]
[bookin.nativecode.in/blog/what-makes-an-online-service-booking-platform-truly-successful-6df2.html]
[bookin.nativecode.in/blog/what-makes-an-online-service-booking-platform-truly-successful-0f2e.html]
[bookin.nativecode.in/blog/what-makes-an-online-service-booking-platform-truly-successful-927e.html]
[bookin.nativecode.in/blog/what-makes-an-online-service-booking-platform-truly-successful-be5d.html]
[bookin.nativecode.in/blog/what-makes-an-online-service-booking-platform-truly-successful-ed40.html]
[bookin.nativecode.in/blog/what-makes-an-online-service-booking-platform-truly-successful-6065.html]
[bookin.nativecode.in/blog/what-makes-an-online-service-booking-platform-truly-successful-053b.html]
[bookin.nativecode.in/blog/what-makes-an-online-service-booking-platform-truly-successful-cd05.html]
[bookin.nativecode.in/blog/what-makes-an-online-service-booking-platform-truly-successful-94f3.html]
[bookin.nativecode.in/blog/what-makes-an-online-service-booking-platform-truly-successful-8890.html]
[bookin.nativecode.in/blog/what-makes-an-online-service-booking-platform-truly-successful-82b1.html]
[bookin.nativecode.in/blog/what-makes-an-online-service-booking-platform-truly-successful-df8f.html]
[bookin.nativecode.in/blog/what-makes-an-online-service-booking-platform-truly-successful-e0ef.html]
[bookin.nativecode.in/blog/what-makes-an-online-service-booking-platform-truly-successful-5bca.html]
[bookin.nativecode.in/blog/what-makes-an-online-service-booking-platform-truly-successful-694d.html]
[bookin.nativecode.in/blog/what-makes-an-online-service-booking-platform-truly-successful-a43c.html]
[bookin.nativecode.in/blog/what-makes-an-online-service-booking-platform-truly-successful-80ee.html]
[bookin.nativecode.in/blog/what-makes-an-online-service-booking-platform-truly-successful-4a6f.html]
[bookin.nativecode.in/blog/what-makes-an-online-service-booking-platform-truly-successful-52e3.html]
[bookin.nativecode.in/blog/what-makes-an-online-service-booking-platform-truly-successful-f851.html]
[bookin.nativecode.in/blog/what-makes-an-online-service-booking-platform-truly-successful-4da7.html]
[bookin.nativecode.in/blog/what-makes-an-online-service-booking-platform-truly-successful-f6f3.html]
[bookin.nativecode.in/blog/what-makes-an-online-service-booking-platform-truly-successful-4091.html]
[bookin.nativecode.in/blog/what-makes-an-online-service-booking-platform-truly-successful-1ef1.html]
[bookin.nativecode.in/blog/what-makes-an-online-service-booking-platform-truly-successful-d444.html]
[bookin.nativecode.in/blog/what-makes-an-online-service-booking-platform-truly-successful-099e.html]
[bookin.nativecode.in/blog/what-makes-an-online-service-booking-platform-truly-successful-.html]
[bookin.nativecode.in/privacy-policy589c.html]
[bookin.nativecode.in/privacy-policy6df2.html]
[bookin.nativecode.in/privacy-policy0f2e.html]
[bookin.nativecode.in/privacy-policy927e.html]
[bookin.nativecode.in/privacy-policybe5d.html]
[bookin.nativecode.in/privacy-policyed40.html]
[bookin.nativecode.in/privacy-policy6065.html]
[bookin.nativecode.in/privacy-policy053b.html]
[bookin.nativecode.in/privacy-policycd05.html]
[bookin.nativecode.in/privacy-policy94f3.html]
[bookin.nativecode.in/privacy-policy8890.html]
[bookin.nativecode.in/privacy-policy82b1.html]
[bookin.nativecode.in/privacy-policydf8f.html]
[bookin.nativecode.in/privacy-policye0ef.html]
[bookin.nativecode.in/privacy-policy5bca.html]
[bookin.nativecode.in/privacy-policy694d.html]
[bookin.nativecode.in/privacy-policya43c.html]
[bookin.nativecode.in/privacy-policy80ee.html]
[bookin.nativecode.in/privacy-policy4a6f.html]
[bookin.nativecode.in/privacy-policy52e3.html]
[bookin.nativecode.in/privacy-policyf851.html]
[bookin.nativecode.in/privacy-policy4da7.html]
[bookin.nativecode.in/privacy-policyf6f3.html]
[bookin.nativecode.in/privacy-policy4091.html]
[bookin.nativecode.in/privacy-policy1ef1.html]
[bookin.nativecode.in/privacy-policyd444.html]
[bookin.nativecode.in/privacy-policy099e.html]
[bookin.nativecode.in/refund-policy589c.html]
[bookin.nativecode.in/refund-policy6df2.html]
[bookin.nativecode.in/refund-policy0f2e.html]
[bookin.nativecode.in/refund-policy927e.html]
[bookin.nativecode.in/refund-policybe5d.html]
[bookin.nativecode.in/refund-policyed40.html]
[bookin.nativecode.in/refund-policy6065.html]
[bookin.nativecode.in/refund-policy053b.html]
[bookin.nativecode.in/refund-policycd05.html]
[bookin.nativecode.in/refund-policy94f3.html]
[bookin.nativecode.in/refund-policy8890.html]
[bookin.nativecode.in/refund-policy82b1.html]
[bookin.nativecode.in/refund-policydf8f.html]
[bookin.nativecode.in/refund-policye0ef.html]
[bookin.nativecode.in/refund-policy5bca.html]
[bookin.nativecode.in/refund-policy694d.html]
[bookin.nativecode.in/refund-policya43c.html]
[bookin.nativecode.in/refund-policy80ee.html]
[bookin.nativecode.in/refund-policy4a6f.html]
[bookin.nativecode.in/refund-policy52e3.html]
[bookin.nativecode.in/refund-policyf851.html]
[bookin.nativecode.in/refund-policy4da7.html]
[bookin.nativecode.in/refund-policyf6f3.html]
[bookin.nativecode.in/refund-policy4091.html]
[bookin.nativecode.in/refund-policy1ef1.html]
[bookin.nativecode.in/refund-policyd444.html]
[bookin.nativecode.in/refund-policy099e.html]
[bookin.nativecode.in/terms-and-conditions589c.html]
[bookin.nativecode.in/terms-and-conditions6df2.html]
[bookin.nativecode.in/terms-and-conditions0f2e.html]
[bookin.nativecode.in/terms-and-conditions927e.html]
[bookin.nativecode.in/terms-and-conditionsbe5d.html]
[bookin.nativecode.in/terms-and-conditionsed40.html]
[bookin.nativecode.in/terms-and-conditions6065.html]
[bookin.nativecode.in/terms-and-conditions053b.html]
[bookin.nativecode.in/terms-and-conditionscd05.html]
[bookin.nativecode.in/terms-and-conditions94f3.html]
[bookin.nativecode.in/terms-and-conditions8890.html]
[bookin.nativecode.in/terms-and-conditions82b1.html]
[bookin.nativecode.in/terms-and-conditionsdf8f.html]
[bookin.nativecode.in/terms-and-conditionse0ef.html]
[bookin.nativecode.in/terms-and-conditions5bca.html]
[bookin.nativecode.in/terms-and-conditions694d.html]
[bookin.nativecode.in/terms-and-conditionsa43c.html]
[bookin.nativecode.in/terms-and-conditions80ee.html]
[bookin.nativecode.in/terms-and-conditions4a6f.html]
[bookin.nativecode.in/terms-and-conditions52e3.html]
[bookin.nativecode.in/terms-and-conditionsf851.html]
[bookin.nativecode.in/terms-and-conditions4da7.html]
[bookin.nativecode.in/terms-and-conditionsf6f3.html]
[bookin.nativecode.in/terms-and-conditions4091.html]
[bookin.nativecode.in/terms-and-conditions1ef1.html]
[bookin.nativecode.in/terms-and-conditionsd444.html]
[bookin.nativecode.in/terms-and-conditions099e.html]
[bookin.nativecode.in/forgot-password589c.html]
[bookin.nativecode.in/forgot-password6df2.html]
[bookin.nativecode.in/forgot-password0f2e.html]
[bookin.nativecode.in/forgot-password927e.html]
[bookin.nativecode.in/forgot-passwordbe5d.html]
[bookin.nativecode.in/forgot-passworded40.html]
[bookin.nativecode.in/forgot-password6065.html]
[bookin.nativecode.in/forgot-password053b.html]
[bookin.nativecode.in/forgot-passwordcd05.html]
[bookin.nativecode.in/forgot-password94f3.html]
[bookin.nativecode.in/forgot-password8890.html]
[bookin.nativecode.in/forgot-password82b1.html]
[bookin.nativecode.in/forgot-passworddf8f.html]
[bookin.nativecode.in/forgot-passworde0ef.html]
[bookin.nativecode.in/forgot-password5bca.html]
[bookin.nativecode.in/forgot-password694d.html]
[bookin.nativecode.in/forgot-passworda43c.html]
[bookin.nativecode.in/forgot-password80ee.html]
[bookin.nativecode.in/forgot-password4a6f.html]
[bookin.nativecode.in/forgot-password52e3.html]
[bookin.nativecode.in/forgot-passwordf851.html]
[bookin.nativecode.in/forgot-password4da7.html]
[bookin.nativecode.in/forgot-passwordf6f3.html]
[bookin.nativecode.in/forgot-password4091.html]
[bookin.nativecode.in/forgot-password1ef1.html]
[bookin.nativecode.in/forgot-passwordd444.html]
[bookin.nativecode.in/forgot-password099e.html]
[bookin.nativecode.in/b/trendz-salon589c.html]
[bookin.nativecode.in/b/trendz-salon6df2.html]
[bookin.nativecode.in/b/trendz-salon0f2e.html]
[bookin.nativecode.in/b/trendz-salon927e.html]
[bookin.nativecode.in/b/trendz-salonbe5d.html]
[bookin.nativecode.in/b/trendz-saloned40.html]
[bookin.nativecode.in/b/trendz-salon6065.html]
[bookin.nativecode.in/b/trendz-salon053b.html]
[bookin.nativecode.in/b/trendz-saloncd05.html]
[bookin.nativecode.in/b/trendz-salon94f3.html]
[bookin.nativecode.in/b/trendz-salon8890.html]
[bookin.nativecode.in/b/trendz-salon82b1.html]
[bookin.nativecode.in/b/trendz-salondf8f.html]
[bookin.nativecode.in/b/trendz-salone0ef.html]
[bookin.nativecode.in/b/trendz-salon5bca.html]
[bookin.nativecode.in/b/trendz-salon694d.html]
[bookin.nativecode.in/b/trendz-salona43c.html]
[bookin.nativecode.in/b/trendz-salon80ee.html]
[bookin.nativecode.in/b/trendz-salon4a6f.html]
[bookin.nativecode.in/b/trendz-salon52e3.html]
[bookin.nativecode.in/b/trendz-salonf851.html]
[bookin.nativecode.in/b/trendz-salon4da7.html]
[bookin.nativecode.in/b/trendz-salonf6f3.html]
[bookin.nativecode.in/b/trendz-salon4091.html]
[bookin.nativecode.in/b/trendz-salon1ef1.html]
[bookin.nativecode.in/b/trendz-salond444.html]
[bookin.nativecode.in/b/trendz-salon099e.html]
[bookin.nativecode.in/b/snip-&-style589c.html]
[bookin.nativecode.in/b/snip-&-style6df2.html]
[bookin.nativecode.in/b/snip-&-style0f2e.html]
[bookin.nativecode.in/b/snip-&-style927e.html]
[bookin.nativecode.in/b/snip-&-stylebe5d.html]
[bookin.nativecode.in/b/snip-&-styleed40.html]
[bookin.nativecode.in/b/snip-&-style6065.html]
[bookin.nativecode.in/b/snip-&-style053b.html]
[bookin.nativecode.in/b/snip-&-stylecd05.html]
[bookin.nativecode.in/b/snip-&-style94f3.html]
[bookin.nativecode.in/b/snip-&-style8890.html]
[bookin.nativecode.in/b/snip-&-style82b1.html]
[bookin.nativecode.in/b/snip-&-styledf8f.html]
[bookin.nativecode.in/b/snip-&-stylee0ef.html]
[bookin.nativecode.in/b/snip-&-style5bca.html]
[bookin.nativecode.in/b/snip-&-style694d.html]
[bookin.nativecode.in/b/snip-&-stylea43c.html]
[bookin.nativecode.in/b/snip-&-style80ee.html]
[bookin.nativecode.in/b/snip-&-style4a6f.html]
[bookin.nativecode.in/b/snip-&-style52e3.html]
[bookin.nativecode.in/b/snip-&-stylef851.html]
[bookin.nativecode.in/b/snip-&-style4da7.html]
[bookin.nativecode.in/b/snip-&-stylef6f3.html]
[bookin.nativecode.in/b/snip-&-style4091.html]
[bookin.nativecode.in/b/snip-&-style1ef1.html]
[bookin.nativecode.in/b/snip-&-styled444.html]
[bookin.nativecode.in/b/snip-&-style099e.html]
[bookin.nativecode.in/b/caner589c.html]
[bookin.nativecode.in/b/caner6df2.html]
[bookin.nativecode.in/b/caner0f2e.html]
[bookin.nativecode.in/b/caner927e.html]
[bookin.nativecode.in/b/canerbe5d.html]
[bookin.nativecode.in/b/canered40.html]
[bookin.nativecode.in/b/caner6065.html]
[bookin.nativecode.in/b/caner053b.html]
[bookin.nativecode.in/b/canercd05.html]
[bookin.nativecode.in/b/caner94f3.html]
[bookin.nativecode.in/b/caner8890.html]
[bookin.nativecode.in/b/caner82b1.html]
[bookin.nativecode.in/b/canerdf8f.html]
[bookin.nativecode.in/b/canere0ef.html]
[bookin.nativecode.in/b/caner5bca.html]
[bookin.nativecode.in/b/caner694d.html]
[bookin.nativecode.in/b/canera43c.html]
[bookin.nativecode.in/b/caner80ee.html]
[bookin.nativecode.in/b/caner4a6f.html]
[bookin.nativecode.in/b/caner52e3.html]
[bookin.nativecode.in/b/canerf851.html]
[bookin.nativecode.in/b/caner4da7.html]
[bookin.nativecode.in/b/canerf6f3.html]
[bookin.nativecode.in/b/caner4091.html]
[bookin.nativecode.in/b/caner1ef1.html]
[bookin.nativecode.in/b/canerd444.html]
[bookin.nativecode.in/b/caner099e.html]
[bookin.nativecode.in/b/tranquil-spa589c.html]
[bookin.nativecode.in/b/tranquil-spa6df2.html]
[bookin.nativecode.in/b/tranquil-spa0f2e.html]
[bookin.nativecode.in/b/tranquil-spa927e.html]
[bookin.nativecode.in/b/tranquil-spabe5d.html]
[bookin.nativecode.in/b/tranquil-spaed40.html]
[bookin.nativecode.in/b/tranquil-spa6065.html]
[bookin.nativecode.in/b/tranquil-spa053b.html]
[bookin.nativecode.in/b/tranquil-spacd05.html]
[bookin.nativecode.in/b/tranquil-spa94f3.html]
[bookin.nativecode.in/b/tranquil-spa8890.html]
[bookin.nativecode.in/b/tranquil-spa82b1.html]
[bookin.nativecode.in/b/tranquil-spadf8f.html]
[bookin.nativecode.in/b/tranquil-spae0ef.html]
[bookin.nativecode.in/b/tranquil-spa5bca.html]
[bookin.nativecode.in/b/tranquil-spa694d.html]
[bookin.nativecode.in/b/tranquil-spaa43c.html]
[bookin.nativecode.in/b/tranquil-spa80ee.html]
[bookin.nativecode.in/b/tranquil-spa4a6f.html]
[bookin.nativecode.in/b/tranquil-spa52e3.html]
[bookin.nativecode.in/b/tranquil-spaf851.html]
[bookin.nativecode.in/b/tranquil-spa4da7.html]
[bookin.nativecode.in/b/tranquil-spaf6f3.html]
[bookin.nativecode.in/b/tranquil-spa4091.html]
[bookin.nativecode.in/b/tranquil-spa1ef1.html]
[bookin.nativecode.in/b/tranquil-spad444.html]
[bookin.nativecode.in/b/tranquil-spa099e.html]
[bookin.nativecode.in/b/serene-retreat589c.html]
[bookin.nativecode.in/b/serene-retreat6df2.html]
[bookin.nativecode.in/b/serene-retreat0f2e.html]
[bookin.nativecode.in/b/serene-retreat927e.html]
[bookin.nativecode.in/b/serene-retreatbe5d.html]
[bookin.nativecode.in/b/serene-retreated40.html]
[bookin.nativecode.in/b/serene-retreat6065.html]
[bookin.nativecode.in/b/serene-retreat053b.html]
[bookin.nativecode.in/b/serene-retreatcd05.html]
[bookin.nativecode.in/b/serene-retreat94f3.html]
[bookin.nativecode.in/b/serene-retreat8890.html]
[bookin.nativecode.in/b/serene-retreat82b1.html]
[bookin.nativecode.in/b/serene-retreatdf8f.html]
[bookin.nativecode.in/b/serene-retreate0ef.html]
[bookin.nativecode.in/b/serene-retreat5bca.html]
[bookin.nativecode.in/b/serene-retreat694d.html]
[bookin.nativecode.in/b/serene-retreata43c.html]
[bookin.nativecode.in/b/serene-retreat80ee.html]
[bookin.nativecode.in/b/serene-retreat4a6f.html]
[bookin.nativecode.in/b/serene-retreat52e3.html]
[bookin.nativecode.in/b/serene-retreatf851.html]
[bookin.nativecode.in/b/serene-retreat4da7.html]
[bookin.nativecode.in/b/serene-retreatf6f3.html]
[bookin.nativecode.in/b/serene-retreat4091.html]
[bookin.nativecode.in/b/serene-retreat1ef1.html]
[bookin.nativecode.in/b/serene-retreatd444.html]
[bookin.nativecode.in/b/serene-retreat099e.html]
[bookin.nativecode.in/b/lotus-spa589c.html]
[bookin.nativecode.in/b/lotus-spa6df2.html]
[bookin.nativecode.in/b/lotus-spa0f2e.html]
[bookin.nativecode.in/b/lotus-spa927e.html]
[bookin.nativecode.in/b/lotus-spabe5d.html]
[bookin.nativecode.in/b/lotus-spaed40.html]
[bookin.nativecode.in/b/lotus-spa6065.html]
[bookin.nativecode.in/b/lotus-spa053b.html]
[bookin.nativecode.in/b/lotus-spacd05.html]
[bookin.nativecode.in/b/lotus-spa94f3.html]
[bookin.nativecode.in/b/lotus-spa8890.html]
[bookin.nativecode.in/b/lotus-spa82b1.html]
[bookin.nativecode.in/b/lotus-spadf8f.html]
[bookin.nativecode.in/b/lotus-spae0ef.html]
[bookin.nativecode.in/b/lotus-spa5bca.html]
[bookin.nativecode.in/b/lotus-spa694d.html]
[bookin.nativecode.in/b/lotus-spaa43c.html]
[bookin.nativecode.in/b/lotus-spa80ee.html]
[bookin.nativecode.in/b/lotus-spa4a6f.html]
[bookin.nativecode.in/b/lotus-spa52e3.html]
[bookin.nativecode.in/b/lotus-spaf851.html]
[bookin.nativecode.in/b/lotus-spa4da7.html]
[bookin.nativecode.in/b/lotus-spaf6f3.html]
[bookin.nativecode.in/b/lotus-spa4091.html]
[bookin.nativecode.in/b/lotus-spa1ef1.html]
[bookin.nativecode.in/b/lotus-spad444.html]
[bookin.nativecode.in/b/lotus-spa099e.html]
[bookin.nativecode.in/b/peakfit589c.html]
[bookin.nativecode.in/b/peakfit6df2.html]
[bookin.nativecode.in/b/peakfit0f2e.html]
[bookin.nativecode.in/b/peakfit927e.html]
[bookin.nativecode.in/b/peakfitbe5d.html]
[bookin.nativecode.in/b/peakfited40.html]
[bookin.nativecode.in/b/peakfit6065.html]
[bookin.nativecode.in/b/peakfit053b.html]
[bookin.nativecode.in/b/peakfitcd05.html]
[bookin.nativecode.in/b/peakfit94f3.html]
[bookin.nativecode.in/b/peakfit8890.html]
[bookin.nativecode.in/b/peakfit82b1.html]
[bookin.nativecode.in/b/peakfitdf8f.html]
[bookin.nativecode.in/b/peakfite0ef.html]
[bookin.nativecode.in/b/peakfit5bca.html]
[bookin.nativecode.in/b/peakfit694d.html]
[bookin.nativecode.in/b/peakfita43c.html]
[bookin.nativecode.in/b/peakfit80ee.html]
[bookin.nativecode.in/b/peakfit4a6f.html]
[bookin.nativecode.in/b/peakfit52e3.html]
[bookin.nativecode.in/b/peakfitf851.html]
[bookin.nativecode.in/b/peakfit4da7.html]
[bookin.nativecode.in/b/peakfitf6f3.html]
[bookin.nativecode.in/b/peakfit4091.html]
[bookin.nativecode.in/b/peakfit1ef1.html]
[bookin.nativecode.in/b/peakfitd444.html]
[bookin.nativecode.in/b/peakfit099e.html]
[bookin.nativecode.in/b/fit-hub589c.html]
[bookin.nativecode.in/b/fit-hub6df2.html]
[bookin.nativecode.in/b/fit-hub0f2e.html]
[bookin.nativecode.in/b/fit-hub927e.html]
[bookin.nativecode.in/b/fit-hubbe5d.html]
[bookin.nativecode.in/b/fit-hubed40.html]
[bookin.nativecode.in/b/fit-hub6065.html]
[bookin.nativecode.in/b/fit-hub053b.html]
[bookin.nativecode.in/b/fit-hubcd05.html]
[bookin.nativecode.in/b/fit-hub94f3.html]
[bookin.nativecode.in/b/fit-hub8890.html]
[bookin.nativecode.in/b/fit-hub82b1.html]
[bookin.nativecode.in/b/fit-hubdf8f.html]
[bookin.nativecode.in/b/fit-hube0ef.html]
[bookin.nativecode.in/b/fit-hub5bca.html]
[bookin.nativecode.in/b/fit-hub694d.html]
[bookin.nativecode.in/b/fit-huba43c.html]
[bookin.nativecode.in/b/fit-hub80ee.html]
[bookin.nativecode.in/b/fit-hub4a6f.html]
[bookin.nativecode.in/b/fit-hub52e3.html]
[bookin.nativecode.in/b/fit-hubf851.html]
[bookin.nativecode.in/b/fit-hub4da7.html]
[bookin.nativecode.in/b/fit-hubf6f3.html]
[bookin.nativecode.in/b/fit-hub4091.html]
[bookin.nativecode.in/b/fit-hub1ef1.html]
[bookin.nativecode.in/b/fit-hubd444.html]
[bookin.nativecode.in/b/fit-hub099e.html]
[bookin.nativecode.in/b/flex-gym589c.html]
[bookin.nativecode.in/b/flex-gym6df2.html]
[bookin.nativecode.in/b/flex-gym0f2e.html]
[bookin.nativecode.in/b/flex-gym927e.html]
[bookin.nativecode.in/b/flex-gymbe5d.html]
[bookin.nativecode.in/b/flex-gymed40.html]
[bookin.nativecode.in/b/flex-gym6065.html]
[bookin.nativecode.in/b/flex-gym053b.html]
[bookin.nativecode.in/b/flex-gymcd05.html]
[bookin.nativecode.in/b/flex-gym94f3.html]
[bookin.nativecode.in/b/flex-gym8890.html]
[bookin.nativecode.in/b/flex-gym82b1.html]
[bookin.nativecode.in/b/flex-gymdf8f.html]
[bookin.nativecode.in/b/flex-gyme0ef.html]
[bookin.nativecode.in/b/flex-gym5bca.html]
[bookin.nativecode.in/b/flex-gym694d.html]
[bookin.nativecode.in/b/flex-gyma43c.html]
[bookin.nativecode.in/b/flex-gym80ee.html]
[bookin.nativecode.in/b/flex-gym4a6f.html]
[bookin.nativecode.in/b/flex-gym52e3.html]
[bookin.nativecode.in/b/flex-gymf851.html]
[bookin.nativecode.in/b/flex-gym4da7.html]
[bookin.nativecode.in/b/flex-gymf6f3.html]
[bookin.nativecode.in/b/flex-gym4091.html]
[bookin.nativecode.in/b/flex-gym1ef1.html]
[bookin.nativecode.in/b/flex-gymd444.html]
[bookin.nativecode.in/b/flex-gym099e.html]
[bookin.nativecode.in/b/tekno589c.html]
[bookin.nativecode.in/b/tekno6df2.html]
[bookin.nativecode.in/b/tekno0f2e.html]
[bookin.nativecode.in/b/tekno927e.html]
[bookin.nativecode.in/b/teknobe5d.html]
[bookin.nativecode.in/b/teknoed40.html]
[bookin.nativecode.in/b/tekno6065.html]
[bookin.nativecode.in/b/tekno053b.html]
[bookin.nativecode.in/b/teknocd05.html]
[bookin.nativecode.in/b/tekno94f3.html]
[bookin.nativecode.in/b/tekno8890.html]
[bookin.nativecode.in/b/tekno82b1.html]
[bookin.nativecode.in/b/teknodf8f.html]
[bookin.nativecode.in/b/teknoe0ef.html]
[bookin.nativecode.in/b/tekno5bca.html]
[bookin.nativecode.in/b/tekno694d.html]
[bookin.nativecode.in/b/teknoa43c.html]
[bookin.nativecode.in/b/tekno80ee.html]
[bookin.nativecode.in/b/tekno4a6f.html]
[bookin.nativecode.in/b/tekno52e3.html]
[bookin.nativecode.in/b/teknof851.html]
[bookin.nativecode.in/b/tekno4da7.html]
[bookin.nativecode.in/b/teknof6f3.html]
[bookin.nativecode.in/b/tekno4091.html]
[bookin.nativecode.in/b/tekno1ef1.html]
[bookin.nativecode.in/b/teknod444.html]
[bookin.nativecode.in/b/tekno099e.html]
[bookin.nativecode.in/how-can-you-revolutionize-online-service-booking-in-the-digital-era-.html]
[bookin.nativecode.in/blog/how-can-you-revolutionize-online-service-booking-in-the-digital-era-589c.html]
[bookin.nativecode.in/blog/how-can-you-revolutionize-online-service-booking-in-the-digital-era-6df2.html]
[bookin.nativecode.in/blog/how-can-you-revolutionize-online-service-booking-in-the-digital-era-0f2e.html]
[bookin.nativecode.in/blog/how-can-you-revolutionize-online-service-booking-in-the-digital-era-927e.html]
[bookin.nativecode.in/blog/how-can-you-revolutionize-online-service-booking-in-the-digital-era-be5d.html]
[bookin.nativecode.in/blog/how-can-you-revolutionize-online-service-booking-in-the-digital-era-ed40.html]
[bookin.nativecode.in/blog/how-can-you-revolutionize-online-service-booking-in-the-digital-era-6065.html]
[bookin.nativecode.in/blog/how-can-you-revolutionize-online-service-booking-in-the-digital-era-053b.html]
[bookin.nativecode.in/blog/how-can-you-revolutionize-online-service-booking-in-the-digital-era-cd05.html]
[bookin.nativecode.in/blog/how-can-you-revolutionize-online-service-booking-in-the-digital-era-94f3.html]
[bookin.nativecode.in/blog/how-can-you-revolutionize-online-service-booking-in-the-digital-era-8890.html]
[bookin.nativecode.in/blog/how-can-you-revolutionize-online-service-booking-in-the-digital-era-82b1.html]
[bookin.nativecode.in/blog/how-can-you-revolutionize-online-service-booking-in-the-digital-era-df8f.html]
[bookin.nativecode.in/blog/how-can-you-revolutionize-online-service-booking-in-the-digital-era-e0ef.html]
[bookin.nativecode.in/blog/how-can-you-revolutionize-online-service-booking-in-the-digital-era-5bca.html]
[bookin.nativecode.in/blog/how-can-you-revolutionize-online-service-booking-in-the-digital-era-694d.html]
[bookin.nativecode.in/blog/how-can-you-revolutionize-online-service-booking-in-the-digital-era-a43c.html]
[bookin.nativecode.in/blog/how-can-you-revolutionize-online-service-booking-in-the-digital-era-80ee.html]
[bookin.nativecode.in/blog/how-can-you-revolutionize-online-service-booking-in-the-digital-era-4a6f.html]
[bookin.nativecode.in/blog/how-can-you-revolutionize-online-service-booking-in-the-digital-era-52e3.html]
[bookin.nativecode.in/blog/how-can-you-revolutionize-online-service-booking-in-the-digital-era-f851.html]
[bookin.nativecode.in/blog/how-can-you-revolutionize-online-service-booking-in-the-digital-era-4da7.html]
[bookin.nativecode.in/blog/how-can-you-revolutionize-online-service-booking-in-the-digital-era-f6f3.html]
[bookin.nativecode.in/blog/how-can-you-revolutionize-online-service-booking-in-the-digital-era-4091.html]
[bookin.nativecode.in/blog/how-can-you-revolutionize-online-service-booking-in-the-digital-era-1ef1.html]
[bookin.nativecode.in/blog/how-can-you-revolutionize-online-service-booking-in-the-digital-era-d444.html]
[bookin.nativecode.in/blog/how-can-you-revolutionize-online-service-booking-in-the-digital-era-099e.html]
[bookin.nativecode.in/what-makes-an-online-service-booking-platform-truly-successful-.html]
[bookin.nativecode.in/blog/what-makes-an-online-service-booking-platform-truly-successful-589c.html]
[bookin.nativecode.in/blog/what-makes-an-online-service-booking-platform-truly-successful-6df2.html]
[bookin.nativecode.in/blog/what-makes-an-online-service-booking-platform-truly-successful-0f2e.html]
[bookin.nativecode.in/blog/what-makes-an-online-service-booking-platform-truly-successful-927e.html]
[bookin.nativecode.in/blog/what-makes-an-online-service-booking-platform-truly-successful-be5d.html]
[bookin.nativecode.in/blog/what-makes-an-online-service-booking-platform-truly-successful-ed40.html]
[bookin.nativecode.in/blog/what-makes-an-online-service-booking-platform-truly-successful-6065.html]
[bookin.nativecode.in/blog/what-makes-an-online-service-booking-platform-truly-successful-053b.html]
[bookin.nativecode.in/blog/what-makes-an-online-service-booking-platform-truly-successful-cd05.html]
[bookin.nativecode.in/blog/what-makes-an-online-service-booking-platform-truly-successful-94f3.html]
[bookin.nativecode.in/blog/what-makes-an-online-service-booking-platform-truly-successful-8890.html]
[bookin.nativecode.in/blog/what-makes-an-online-service-booking-platform-truly-successful-82b1.html]
[bookin.nativecode.in/blog/what-makes-an-online-service-booking-platform-truly-successful-df8f.html]
[bookin.nativecode.in/blog/what-makes-an-online-service-booking-platform-truly-successful-e0ef.html]
[bookin.nativecode.in/blog/what-makes-an-online-service-booking-platform-truly-successful-5bca.html]
[bookin.nativecode.in/blog/what-makes-an-online-service-booking-platform-truly-successful-694d.html]
[bookin.nativecode.in/blog/what-makes-an-online-service-booking-platform-truly-successful-a43c.html]
[bookin.nativecode.in/blog/what-makes-an-online-service-booking-platform-truly-successful-80ee.html]
[bookin.nativecode.in/blog/what-makes-an-online-service-booking-platform-truly-successful-4a6f.html]
[bookin.nativecode.in/blog/what-makes-an-online-service-booking-platform-truly-successful-52e3.html]
[bookin.nativecode.in/blog/what-makes-an-online-service-booking-platform-truly-successful-f851.html]
[bookin.nativecode.in/blog/what-makes-an-online-service-booking-platform-truly-successful-4da7.html]
[bookin.nativecode.in/blog/what-makes-an-online-service-booking-platform-truly-successful-f6f3.html]
[bookin.nativecode.in/blog/what-makes-an-online-service-booking-platform-truly-successful-4091.html]
[bookin.nativecode.in/blog/what-makes-an-online-service-booking-platform-truly-successful-1ef1.html]
[bookin.nativecode.in/blog/what-makes-an-online-service-booking-platform-truly-successful-d444.html]
[bookin.nativecode.in/blog/what-makes-an-online-service-booking-platform-truly-successful-099e.html]
[twitter.com/intent/tweet13d2]
[twitter.com/intent/tweetc4f4]
